Archive member included to satisfy reference by file (symbol)

c:/program files (x86)/atmel/studio/7.0/toolchain/arm/arm-gnu-toolchain/bin/../lib/gcc/arm-none-eabi/6.3.1/thumb/v6-m\libgcc.a(_aeabi_uldivmod.o)
                              hpl/sercom/hpl_sercom.o (__aeabi_uldivmod)
c:/program files (x86)/atmel/studio/7.0/toolchain/arm/arm-gnu-toolchain/bin/../lib/gcc/arm-none-eabi/6.3.1/thumb/v6-m\libgcc.a(_muldi3.o)
                              hpl/sercom/hpl_sercom.o (__aeabi_lmul)
c:/program files (x86)/atmel/studio/7.0/toolchain/arm/arm-gnu-toolchain/bin/../lib/gcc/arm-none-eabi/6.3.1/thumb/v6-m\libgcc.a(_fixunsdfsi.o)
                              hpl/sercom/hpl_sercom.o (__aeabi_d2uiz)
c:/program files (x86)/atmel/studio/7.0/toolchain/arm/arm-gnu-toolchain/bin/../lib/gcc/arm-none-eabi/6.3.1/thumb/v6-m\libgcc.a(_udivmoddi4.o)
                              c:/program files (x86)/atmel/studio/7.0/toolchain/arm/arm-gnu-toolchain/bin/../lib/gcc/arm-none-eabi/6.3.1/thumb/v6-m\libgcc.a(_aeabi_uldivmod.o) (__udivmoddi4)
c:/program files (x86)/atmel/studio/7.0/toolchain/arm/arm-gnu-toolchain/bin/../lib/gcc/arm-none-eabi/6.3.1/thumb/v6-m\libgcc.a(adddf3.o)
                              main.o (__aeabi_dadd)
c:/program files (x86)/atmel/studio/7.0/toolchain/arm/arm-gnu-toolchain/bin/../lib/gcc/arm-none-eabi/6.3.1/thumb/v6-m\libgcc.a(divdf3.o)
                              hpl/sercom/hpl_sercom.o (__aeabi_ddiv)
c:/program files (x86)/atmel/studio/7.0/toolchain/arm/arm-gnu-toolchain/bin/../lib/gcc/arm-none-eabi/6.3.1/thumb/v6-m\libgcc.a(muldf3.o)
                              hpl/sercom/hpl_sercom.o (__aeabi_dmul)
c:/program files (x86)/atmel/studio/7.0/toolchain/arm/arm-gnu-toolchain/bin/../lib/gcc/arm-none-eabi/6.3.1/thumb/v6-m\libgcc.a(subdf3.o)
                              hpl/sercom/hpl_sercom.o (__aeabi_dsub)
c:/program files (x86)/atmel/studio/7.0/toolchain/arm/arm-gnu-toolchain/bin/../lib/gcc/arm-none-eabi/6.3.1/thumb/v6-m\libgcc.a(fixdfsi.o)
                              main.o (__aeabi_d2iz)
c:/program files (x86)/atmel/studio/7.0/toolchain/arm/arm-gnu-toolchain/bin/../lib/gcc/arm-none-eabi/6.3.1/thumb/v6-m\libgcc.a(floatsidf.o)
                              hpl/sercom/hpl_sercom.o (__aeabi_i2d)
c:/program files (x86)/atmel/studio/7.0/toolchain/arm/arm-gnu-toolchain/bin/../lib/gcc/arm-none-eabi/6.3.1/thumb/v6-m\libgcc.a(floatunsidf.o)
                              hpl/sercom/hpl_sercom.o (__aeabi_ui2d)
c:/program files (x86)/atmel/studio/7.0/toolchain/arm/arm-gnu-toolchain/bin/../lib/gcc/arm-none-eabi/6.3.1/thumb/v6-m\libgcc.a(_dvmd_tls.o)
                              c:/program files (x86)/atmel/studio/7.0/toolchain/arm/arm-gnu-toolchain/bin/../lib/gcc/arm-none-eabi/6.3.1/thumb/v6-m\libgcc.a(_aeabi_uldivmod.o) (__aeabi_ldiv0)
c:/program files (x86)/atmel/studio/7.0/toolchain/arm/arm-gnu-toolchain/bin/../lib/gcc/arm-none-eabi/6.3.1/thumb/v6-m\libgcc.a(_arm_cmpdf2.o)
                              c:/program files (x86)/atmel/studio/7.0/toolchain/arm/arm-gnu-toolchain/bin/../lib/gcc/arm-none-eabi/6.3.1/thumb/v6-m\libgcc.a(_fixunsdfsi.o) (__aeabi_dcmpge)
c:/program files (x86)/atmel/studio/7.0/toolchain/arm/arm-gnu-toolchain/bin/../lib/gcc/arm-none-eabi/6.3.1/thumb/v6-m\libgcc.a(_clzsi2.o)
                              c:/program files (x86)/atmel/studio/7.0/toolchain/arm/arm-gnu-toolchain/bin/../lib/gcc/arm-none-eabi/6.3.1/thumb/v6-m\libgcc.a(adddf3.o) (__clzsi2)
c:/program files (x86)/atmel/studio/7.0/toolchain/arm/arm-gnu-toolchain/bin/../lib/gcc/arm-none-eabi/6.3.1/thumb/v6-m\libgcc.a(_clzdi2.o)
                              c:/program files (x86)/atmel/studio/7.0/toolchain/arm/arm-gnu-toolchain/bin/../lib/gcc/arm-none-eabi/6.3.1/thumb/v6-m\libgcc.a(_udivmoddi4.o) (__clzdi2)
c:/program files (x86)/atmel/studio/7.0/toolchain/arm/arm-gnu-toolchain/bin/../lib/gcc/arm-none-eabi/6.3.1/thumb/v6-m\libgcc.a(eqdf2.o)
                              c:/program files (x86)/atmel/studio/7.0/toolchain/arm/arm-gnu-toolchain/bin/../lib/gcc/arm-none-eabi/6.3.1/thumb/v6-m\libgcc.a(_arm_cmpdf2.o) (__eqdf2)
c:/program files (x86)/atmel/studio/7.0/toolchain/arm/arm-gnu-toolchain/bin/../lib/gcc/arm-none-eabi/6.3.1/thumb/v6-m\libgcc.a(gedf2.o)
                              c:/program files (x86)/atmel/studio/7.0/toolchain/arm/arm-gnu-toolchain/bin/../lib/gcc/arm-none-eabi/6.3.1/thumb/v6-m\libgcc.a(_arm_cmpdf2.o) (__gedf2)
c:/program files (x86)/atmel/studio/7.0/toolchain/arm/arm-gnu-toolchain/bin/../lib/gcc/arm-none-eabi/6.3.1/thumb/v6-m\libgcc.a(ledf2.o)
                              c:/program files (x86)/atmel/studio/7.0/toolchain/arm/arm-gnu-toolchain/bin/../lib/gcc/arm-none-eabi/6.3.1/thumb/v6-m\libgcc.a(_arm_cmpdf2.o) (__ledf2)
c:/program files (x86)/atmel/studio/7.0/toolchain/arm/arm-gnu-toolchain/bin/../lib/gcc/arm-none-eabi/6.3.1/../../../../arm-none-eabi/lib/thumb/v6-m\libc_nano.a(lib_a-exit.o)
[...]
Memory Configuration

Name             Origin             Length             Attributes
rom              0x00000000         0x00040000         xr
ram              0x20000000         0x00008000         xrw
*default*        0x00000000         0xffffffff

Linker script and memory map

LOAD c:/program files (x86)/atmel/studio/7.0/toolchain/arm/arm-gnu-toolchain/bin/../lib/gcc/arm-none-eabi/6.3.1/thumb/v6-m/crti.o
LOAD c:/program files (x86)/atmel/studio/7.0/toolchain/arm/arm-gnu-toolchain/bin/../lib/gcc/arm-none-eabi/6.3.1/thumb/v6-m/crtbegin.o
LOAD c:/program files (x86)/atmel/studio/7.0/toolchain/arm/arm-gnu-toolchain/bin/../lib/gcc/arm-none-eabi/6.3.1/../../../../arm-none-eabi/lib/thumb/v6-m/crt0.o
LOAD atmel_start.o
LOAD Device_Startup/startup_samc21.o
LOAD Device_Startup/system_samc21.o
LOAD DisplayLib/FT8_commands.o
LOAD DisplayLib/FT8_config.o
LOAD driver_init.o
LOAD examples/driver_examples.o
LOAD hal/src/hal_atomic.o
LOAD hal/src/hal_can_async.o
LOAD hal/src/hal_delay.o
LOAD hal/src/hal_gpio.o
LOAD hal/src/hal_init.o
LOAD hal/src/hal_io.o
LOAD hal/src/hal_sleep.o
LOAD hal/src/hal_spi_m_sync.o
LOAD hal/src/hal_timer.o
LOAD hal/src/hal_usart_sync.o
LOAD hal/utils/src/utils_assert.o
LOAD hal/utils/src/utils_event.o
LOAD hal/utils/src/utils_list.o
LOAD hal/utils/src/utils_syscalls.o
LOAD hpl/can/hpl_can.o
LOAD hpl/core/hpl_core_m0plus_base.o
LOAD hpl/core/hpl_init.o
LOAD hpl/divas/hpl_divas.o
LOAD hpl/dmac/hpl_dmac.o
LOAD hpl/gclk/hpl_gclk.o
LOAD hpl/mclk/hpl_mclk.o
LOAD hpl/osc32kctrl/hpl_osc32kctrl.o
LOAD hpl/oscctrl/hpl_oscctrl.o
LOAD hpl/pm/hpl_pm.o
LOAD hpl/rtc/hpl_rtc.o
LOAD hpl/sercom/hpl_sercom.o
LOAD hpl/systick/hpl_systick.o
LOAD main.o
LOAD stdio_redirect/gcc/read.o
LOAD stdio_redirect/gcc/write.o
LOAD stdio_redirect/stdio_io.o
LOAD stdio_start.o
LOAD SPI_io_descriptor.o
START GROUP
LOAD c:/program files (x86)/atmel/studio/7.0/toolchain/arm/arm-gnu-toolchain/bin/../lib/gcc/arm-none-eabi/6.3.1/../../../../arm-none-eabi/lib/thumb/v6-m\libm.a
END GROUP
START GROUP
LOAD c:/program files (x86)/atmel/studio/7.0/toolchain/arm/arm-gnu-toolchain/bin/../lib/gcc/arm-none-eabi/6.3.1/thumb/v6-m\libgcc.a
LOAD c:/program files (x86)/atmel/studio/7.0/toolchain/arm/arm-gnu-toolchain/bin/../lib/gcc/arm-none-eabi/6.3.1/../../../../arm-none-eabi/lib/thumb/v6-m\libc_nano.a
END GROUP
START GROUP
LOAD c:/program files (x86)/atmel/studio/7.0/toolchain/arm/arm-gnu-toolchain/bin/../lib/gcc/arm-none-eabi/6.3.1/thumb/v6-m\libgcc.a
LOAD c:/program files (x86)/atmel/studio/7.0/toolchain/arm/arm-gnu-toolchain/bin/../lib/gcc/arm-none-eabi/6.3.1/../../../../arm-none-eabi/lib/thumb/v6-m\libc_nano.a
END GROUP
LOAD c:/program files (x86)/atmel/studio/7.0/toolchain/arm/arm-gnu-toolchain/bin/../lib/gcc/arm-none-eabi/6.3.1/thumb/v6-m/crtend.o
LOAD c:/program files (x86)/atmel/studio/7.0/toolchain/arm/arm-gnu-toolchain/bin/../lib/gcc/arm-none-eabi/6.3.1/thumb/v6-m/crtn.o
                0x00002000                STACK_SIZE = DEFINED (STACK_SIZE)?STACK_SIZE:DEFINED (__stack_size__)?__stack_size__:0x2000

.text           0x00000000     0x4668
                0x00000000                . = ALIGN (0x4)
                0x00000000                _sfixed = .
 *(.vectors .vectors.*)
 .vectors       0x00000000       0xbc Device_Startup/startup_samc21.o
                0x00000000                exception_table
 *(.text .text.* .gnu.linkonce.t.*)
 .text          0x000000bc       0x60 c:/program files (x86)/atmel/studio/7.0/toolchain/arm/arm-gnu-toolchain/bin/../lib/gcc/arm-none-eabi/6.3.1/thumb/v6-m/crtbegin.o
 .text.atmel_start_init
                0x0000011c       0x14 atmel_start.o
                0x0000011c                atmel_start_init
 .text.Dummy_Handler
                0x00000130        0x2 Device_Startup/startup_samc21.o
                0x00000130                SVCall_Handler
                0x00000130                DMAC_Handler
                0x00000130                HardFault_Handler
                0x00000130                TC2_Handler
                0x00000130                AC_Handler
                0x00000130                SysTick_Handler
                0x00000130                PendSV_Handler
                0x00000130                SERCOM1_Handler
                0x00000130                NonMaskableInt_Handler
                0x00000130                TCC1_Handler
                0x00000130                SERCOM2_Handler
                0x00000130                TCC0_Handler
                0x00000130                ADC1_Handler
                0x00000130                EIC_Handler
                0x00000130                WDT_Handler
                0x00000130                TC4_Handler
                0x00000130                TC1_Handler
                0x00000130                TC3_Handler
                0x00000130                SDADC_Handler
                0x00000130                Dummy_Handler
                0x00000130                SERCOM5_Handler
                0x00000130                CAN1_Handler
                0x00000130                ADC0_Handler
                0x00000130                TSENS_Handler
                0x00000130                TCC2_Handler
                0x00000130                EVSYS_Handler
                0x00000130                SERCOM3_Handler
                0x00000130                SERCOM4_Handler
                0x00000130                NVMCTRL_Handler
                0x00000130                SYSTEM_Handler
                0x00000130                SERCOM0_Handler
                0x00000130                DAC_Handler
                0x00000130                PTC_Handler
                0x00000130                FREQM_Handler
                0x00000130                TC0_Handler
 *fill*         0x00000132        0x2 
 .text.Reset_Handler
                0x00000134       0x68 Device_Startup/startup_samc21.o
                0x00000134                Reset_Handler
 .text.FT8_cmdWrite
                0x0000019c       0x28 DisplayLib/FT8_commands.o
                0x0000019c                FT8_cmdWrite
 .text.FT8_memRead8
                0x000001c4       0x40 DisplayLib/FT8_commands.o
                0x000001c4                FT8_memRead8
 .text.FT8_memRead16
                0x00000204       0x48 DisplayLib/FT8_commands.o
                0x00000204                FT8_memRead16
 .text.FT8_memWrite8
                0x0000024c       0x3c DisplayLib/FT8_commands.o
                0x0000024c                FT8_memWrite8
 .text.FT8_memWrite16
                0x00000288       0x40 DisplayLib/FT8_commands.o
                0x00000288                FT8_memWrite16
 .text.FT8_memWrite32
                0x000002c8       0x4c DisplayLib/FT8_commands.o
                0x000002c8                FT8_memWrite32
 .text.FT8_busy
                0x00000314       0x28 DisplayLib/FT8_commands.o
                0x00000314                FT8_busy
 .text.FT8_cmd_execute
                0x0000033c       0x44 DisplayLib/FT8_commands.o
                0x0000033c                FT8_cmd_execute
 .text.FT8_get_cmdoffset
                0x00000380       0x1c DisplayLib/FT8_commands.o
                0x00000380                FT8_get_cmdoffset
 .text.FT8_inc_cmdoffset
                0x0000039c       0x18 DisplayLib/FT8_commands.o
                0x0000039c                FT8_inc_cmdoffset
 .text.FT8_start_cmd
                0x000003b4       0x5c DisplayLib/FT8_commands.o
                0x000003b4                FT8_start_cmd
 .text.FT8_cmd_dl
                0x00000410       0x14 DisplayLib/FT8_commands.o
                0x00000410                FT8_cmd_dl
 .text.FT8_write_string
                0x00000424       0x44 DisplayLib/FT8_commands.o
                0x00000424                FT8_write_string
 .text.FT8_cmd_text
                0x00000468       0x68 DisplayLib/FT8_commands.o
                0x00000468                FT8_cmd_text
 .text.FT8_cmd_bgcolor
                0x000004d0       0x40 DisplayLib/FT8_commands.o
                0x000004d0                FT8_cmd_bgcolor
 .text.FT8_cmd_gauge
                0x00000510       0xc8 DisplayLib/FT8_commands.o
                0x00000510                FT8_cmd_gauge
 .text.FT8_cmd_progress
                0x000005d8       0xb8 DisplayLib/FT8_commands.o
                0x000005d8                FT8_cmd_progress
 .text.FT8_cmd_number
                0x00000690       0x78 DisplayLib/FT8_commands.o
                0x00000690                FT8_cmd_number
 .text.FT8_cmd_romfont
                0x00000708       0x50 DisplayLib/FT8_commands.o
                0x00000708                FT8_cmd_romfont
 .text.FT8_cmd_line
                0x00000758       0xd0 DisplayLib/FT8_commands.o
                0x00000758                FT8_cmd_line
 .text.FT8_cmd_rect
                0x00000828       0xd0 DisplayLib/FT8_commands.o
                0x00000828                FT8_cmd_rect
 .text.FT8_init
                0x000008f8      0x1c4 DisplayLib/FT8_commands.o
                0x000008f8                FT8_init
 .text.FT8_cs_set
                0x00000abc        0xc DisplayLib/FT8_config.o
                0x00000abc                FT8_cs_set
 .text.FT8_cs_clear
                0x00000ac8        0xc DisplayLib/FT8_config.o
                0x00000ac8                FT8_cs_clear
 .text.FT8_pdn_set
                0x00000ad4        0x2 DisplayLib/FT8_config.o
                0x00000ad4                FT8_pdn_set
 .text.FT8_pdn_clear
                0x00000ad6        0x2 DisplayLib/FT8_config.o
                0x00000ad6                FT8_pdn_clear
 .text.spi_transmit
                0x00000ad8       0x20 DisplayLib/FT8_config.o
                0x00000ad8                spi_transmit
 .text.spi_receive
                0x00000af8       0x24 DisplayLib/FT8_config.o
                0x00000af8                spi_receive
 .text.TIMER_0_init
                0x00000b1c       0x34 driver_init.o
 .text.TARGET_IO_PORT_init
                0x00000b50       0x42 driver_init.o
                0x00000b50                TARGET_IO_PORT_init
 *fill*         0x00000b92        0x2 
 .text.TARGET_IO_CLOCK_init
                0x00000b94       0x24 driver_init.o
                0x00000b94                TARGET_IO_CLOCK_init
 .text.TARGET_IO_init
                0x00000bb8       0x2c driver_init.o
                0x00000bb8                TARGET_IO_init
 .text.SPI_0_PORT_init
                0x00000be4       0xb8 driver_init.o
                0x00000be4                SPI_0_PORT_init
 .text.SPI_0_CLOCK_init
                0x00000c9c       0x24 driver_init.o
                0x00000c9c                SPI_0_CLOCK_init
 .text.SPI_0_init
                0x00000cc0       0x28 driver_init.o
                0x00000cc0                SPI_0_init
 .text.delay_driver_init
                0x00000ce8       0x14 driver_init.o
                0x00000ce8                delay_driver_init
 .text.CAN_0_PORT_init
                0x00000cfc       0x42 driver_init.o
                0x00000cfc                CAN_0_PORT_init
 *fill*         0x00000d3e        0x2 
 .text.CAN_0_init
                0x00000d40       0x3c driver_init.o
                0x00000d40                CAN_0_init
 .text.system_init
                0x00000d7c       0x7c driver_init.o
                0x00000d7c                system_init
 .text.atomic_enter_critical
                0x00000df8        0xe hal/src/hal_atomic.o
                0x00000df8                atomic_enter_critical
 .text.atomic_leave_critical
                0x00000e06        0xc hal/src/hal_atomic.o
                0x00000e06                atomic_leave_critical
 .text.can_tx_done
                0x00000e12        0xc hal/src/hal_can_async.o
 .text.can_rx_done
                0x00000e1e        0xc hal/src/hal_can_async.o
 .text.can_irq_handler
                0x00000e2a        0xc hal/src/hal_can_async.o
 *fill*         0x00000e36        0x2 
 .text.can_async_init
                0x00000e38       0x54 hal/src/hal_can_async.o
                0x00000e38                can_async_init
 .text.can_async_read
                0x00000e8c       0x38 hal/src/hal_can_async.o
                0x00000e8c                can_async_read
 .text.can_async_register_callback
                0x00000ec4       0x50 hal/src/hal_can_async.o
                0x00000ec4                can_async_register_callback
 .text.can_async_set_filter
                0x00000f14       0x34 hal/src/hal_can_async.o
                0x00000f14                can_async_set_filter
 .text.delay_init
                0x00000f48       0x14 hal/src/hal_delay.o
                0x00000f48                delay_init
 .text.delay_ms
                0x00000f5c       0x20 hal/src/hal_delay.o
                0x00000f5c                delay_ms
 .text.io_write
                0x00000f7c       0x38 hal/src/hal_io.o
                0x00000f7c                io_write
 .text.io_read  0x00000fb4       0x38 hal/src/hal_io.o
                0x00000fb4                io_read
 .text.spi_m_sync_init
                0x00000fec       0x58 hal/src/hal_spi_m_sync.o
                0x00000fec                spi_m_sync_init
 .text.spi_m_sync_enable
                0x00001044       0x28 hal/src/hal_spi_m_sync.o
                0x00001044                spi_m_sync_enable
 .text.spi_m_sync_transfer
                0x0000106c       0x48 hal/src/hal_spi_m_sync.o
                0x0000106c                spi_m_sync_transfer
 .text._spi_m_sync_io_write
                0x000010b4       0x3c hal/src/hal_spi_m_sync.o
 .text._spi_m_sync_io_read
                0x000010f0       0x3c hal/src/hal_spi_m_sync.o
 .text.spi_m_sync_get_io_descriptor
                0x0000112c       0x30 hal/src/hal_spi_m_sync.o
                0x0000112c                spi_m_sync_get_io_descriptor
 .text.timer_add_timer_task
                0x0000115c       0x58 hal/src/hal_timer.o
 .text.timer_process_counted
                0x000011b4       0x64 hal/src/hal_timer.o
 .text.timer_init
                0x00001218       0x44 hal/src/hal_timer.o
                0x00001218                timer_init
 .text.timer_start
                0x0000125c       0x3c hal/src/hal_timer.o
                0x0000125c                timer_start
 .text.timer_add_task
                0x00001298       0xb0 hal/src/hal_timer.o
                0x00001298                timer_add_task
 .text.usart_sync_write
                0x00001348       0x74 hal/src/hal_usart_sync.o
 .text.usart_sync_read
                0x000013bc       0x6c hal/src/hal_usart_sync.o
 .text.usart_sync_init
                0x00001428       0x4c hal/src/hal_usart_sync.o
                0x00001428                usart_sync_init
 .text.usart_sync_enable
                0x00001474       0x2c hal/src/hal_usart_sync.o
                0x00001474                usart_sync_enable
 .text.assert   0x000014a0        0x8 hal/utils/src/utils_assert.o
                0x000014a0                assert
 .text.is_list_element
                0x000014a8       0x16 hal/utils/src/utils_list.o
                0x000014a8                is_list_element
 *fill*         0x000014be        0x2 
 .text.list_insert_as_head
                0x000014c0       0x2c hal/utils/src/utils_list.o
                0x000014c0                list_insert_as_head
 .text.list_insert_after
                0x000014ec        0x8 hal/utils/src/utils_list.o
                0x000014ec                list_insert_after
 .text.list_remove_head
                0x000014f4       0x12 hal/utils/src/utils_list.o
                0x000014f4                list_remove_head
 *fill*         0x00001506        0x2 
 .text._sbrk    0x00001508       0x24 hal/utils/src/utils_syscalls.o
                0x00001508                _sbrk
 .text._close   0x0000152c        0x6 hal/utils/src/utils_syscalls.o
                0x0000152c                _close
 .text._fstat   0x00001532        0xa hal/utils/src/utils_syscalls.o
                0x00001532                _fstat
 .text._lseek   0x0000153c        0x4 hal/utils/src/utils_syscalls.o
                0x0000153c                _lseek
 .text._can_async_init
                0x00001540      0x11c hpl/can/hpl_can.o
                0x00001540                _can_async_init
 .text._can_async_read
                0x0000165c       0xc0 hpl/can/hpl_can.o
                0x0000165c                _can_async_read
 .text._can_async_set_irq_state
                0x0000171c       0x4c hpl/can/hpl_can.o
                0x0000171c                _can_async_set_irq_state
 .text._can_async_set_filter
                0x00001768       0x8c hpl/can/hpl_can.o
                0x00001768                _can_async_set_filter
 .text.CAN0_Handler
                0x000017f4       0x70 hpl/can/hpl_can.o
                0x000017f4                CAN0_Handler
 .text._get_cycles_for_ms
                0x00001864        0xc hpl/core/hpl_core_m0plus_base.o
                0x00001864                _get_cycles_for_ms
 .text._init_chip
                0x00001870       0x44 hpl/core/hpl_init.o
                0x00001870                _init_chip
 .text._div_init
                0x000018b4        0xe hpl/divas/hpl_divas.o
                0x000018b4                _div_init
 *fill*         0x000018c2        0x2 
 .text.__aeabi_idivmod
                0x000018c4       0x3c hpl/divas/hpl_divas.o
                0x000018c4                __aeabi_idivmod
 .text._gclk_init_generators_by_fref
                0x00001900       0x6c hpl/gclk/hpl_gclk.o
                0x00001900                _gclk_init_generators_by_fref
 .text._mclk_init
                0x0000196c        0xc hpl/mclk/hpl_mclk.o
                0x0000196c                _mclk_init
 .text._osc32kctrl_init_sources
                0x00001978       0x24 hpl/osc32kctrl/hpl_osc32kctrl.o
                0x00001978                _osc32kctrl_init_sources
 .text._oscctrl_init_sources
                0x0000199c       0x3c hpl/oscctrl/hpl_oscctrl.o
                0x0000199c                _oscctrl_init_sources
 .text._oscctrl_init_referenced_generators
                0x000019d8       0x70 hpl/oscctrl/hpl_oscctrl.o
                0x000019d8                _oscctrl_init_referenced_generators
 .text._rtc_timer_interrupt_handler
                0x00001a48       0x1e hpl/rtc/hpl_rtc.o
 *fill*         0x00001a66        0x2 
 .text._timer_init
                0x00001a68       0x68 hpl/rtc/hpl_rtc.o
                0x00001a68                _timer_init
 .text._timer_start
                0x00001ad0       0x5c hpl/rtc/hpl_rtc.o
                0x00001ad0                _timer_start
 .text._timer_is_started
                0x00001b2c       0x18 hpl/rtc/hpl_rtc.o
                0x00001b2c                _timer_is_started
 .text._timer_set_irq
                0x00001b44        0x2 hpl/rtc/hpl_rtc.o
                0x00001b44                _timer_set_irq
 .text._rtc_get_timer
                0x00001b46        0x4 hpl/rtc/hpl_rtc.o
                0x00001b46                _rtc_get_timer
 *fill*         0x00001b4a        0x2 
 .text.RTC_Handler
                0x00001b4c       0x14 hpl/rtc/hpl_rtc.o
                0x00001b4c                RTC_Handler
 .text._sercom_get_hardware_index
                0x00001b60       0x10 hpl/sercom/hpl_sercom.o
 .text._spi_sync_enable
                0x00001b70       0x1e hpl/sercom/hpl_sercom.o
 *fill*         0x00001b8e        0x2 
 .text._get_sercom_index
                0x00001b90       0x44 hpl/sercom/hpl_sercom.o
 .text._usart_init
                0x00001bd4       0xf0 hpl/sercom/hpl_sercom.o
 .text._usart_sync_init
                0x00001cc4       0x2c hpl/sercom/hpl_sercom.o
                0x00001cc4                _usart_sync_init
 .text._usart_sync_enable
                0x00001cf0       0x12 hpl/sercom/hpl_sercom.o
                0x00001cf0                _usart_sync_enable
 .text._usart_sync_write_byte
                0x00001d02        0x8 hpl/sercom/hpl_sercom.o
                0x00001d02                _usart_sync_write_byte
 .text._usart_sync_read_byte
                0x00001d0a        0x8 hpl/sercom/hpl_sercom.o
                0x00001d0a                _usart_sync_read_byte
 .text._usart_sync_is_ready_to_send
                0x00001d12        0xa hpl/sercom/hpl_sercom.o
                0x00001d12                _usart_sync_is_ready_to_send
 .text._usart_sync_is_transmit_done
                0x00001d1c        0xc hpl/sercom/hpl_sercom.o
                0x00001d1c                _usart_sync_is_transmit_done
 .text._usart_sync_is_byte_received
                0x00001d28        0xc hpl/sercom/hpl_sercom.o
                0x00001d28                _usart_sync_is_byte_received
 .text._spi_m_sync_init
                0x00001d34      0x1fc hpl/sercom/hpl_sercom.o
                0x00001d34                _spi_m_sync_init
 .text._spi_m_sync_enable
                0x00001f30       0x34 hpl/sercom/hpl_sercom.o
                0x00001f30                _spi_m_sync_enable
 .text._spi_m_sync_trans
                0x00001f64      0x114 hpl/sercom/hpl_sercom.o
                0x00001f64                _spi_m_sync_trans
 .text._system_time_init
                0x00002078       0x14 hpl/systick/hpl_systick.o
                0x00002078                _system_time_init
 .text._delay_init
                0x0000208c        0xc hpl/systick/hpl_systick.o
                0x0000208c                _delay_init
 .text._delay_cycles
                0x00002098       0x40 hpl/systick/hpl_systick.o
                0x00002098                _delay_cycles
 .text.TIMER_0_task1_cb
                0x000020d8       0x10 main.o
 .text.TIMER_ams_task_cb
                0x000020e8        0xc main.o
 .text.TIMER_keep_alive_ams_cb
                0x000020f4       0x20 main.o
 .text.CAN_0_tx_callback
                0x00002114        0x2 main.o
 *fill*         0x00002116        0x2 
 .text.CAN_0_rx_callback
                0x00002118       0x88 main.o
 .text.startFrame
                0x000021a0       0x24 main.o
                0x000021a0                startFrame
 .text.endFrame
                0x000021c4       0x1c main.o
                0x000021c4                endFrame
 .text.display_numberRight
                0x000021e0       0x34 main.o
                0x000021e0                display_numberRight
 .text.display_text
                0x00002214       0x30 main.o
                0x00002214                display_text
 .text.display_numbers_around_gauge
                0x00002244      0x1c8 main.o
                0x00002244                display_numbers_around_gauge
 .text.display_gauge_number_large
                0x0000240c      0x124 main.o
                0x0000240c                display_gauge_number_large
 .text.display_gauge
                0x00002530       0x88 main.o
                0x00002530                display_gauge
 .text.display_line
                0x000025b8       0x34 main.o
                0x000025b8                display_line
 .text.display_progress
                0x000025ec       0x64 main.o
                0x000025ec                display_progress
 .text.display_handler
                0x00002650      0x160 main.o
                0x00002650                display_handler
 .text.main     0x000027b0       0xd4 main.o
                0x000027b0                main
 .text._read    0x00002884       0x28 stdio_redirect/gcc/read.o
                0x00002884                _read
 .text._write   0x000028ac       0x28 stdio_redirect/gcc/write.o
                0x000028ac                _write
 .text.stdio_io_init
                0x000028d4       0x2c stdio_redirect/stdio_io.o
                0x000028d4                stdio_io_init
 .text.stdio_io_read
                0x00002900       0x24 stdio_redirect/stdio_io.o
                0x00002900                stdio_io_read
 .text.stdio_io_write
                0x00002924       0x24 stdio_redirect/stdio_io.o
                0x00002924                stdio_io_write
 .text.stdio_redirect_init
                0x00002948       0x20 stdio_start.o
                0x00002948                stdio_redirect_init
 .text.create_spi_descriptor
                0x00002968       0x24 SPI_io_descriptor.o
                0x00002968                create_spi_descriptor
 .text          0x0000298c      0x620 c:/program files (x86)/atmel/studio/7.0/toolchain/arm/arm-gnu-toolchain/bin/../lib/gcc/arm-none-eabi/6.3.1/thumb/v6-m\libgcc.a(adddf3.o)
                0x0000298c                __aeabi_dadd
 .text          0x00002fac      0x500 c:/program files (x86)/atmel/studio/7.0/toolchain/arm/arm-gnu-toolchain/bin/../lib/gcc/arm-none-eabi/6.3.1/thumb/v6-m\libgcc.a(muldf3.o)
                0x00002fac                __aeabi_dmul
 .text          0x000034ac      0x62c c:/program files (x86)/atmel/studio/7.0/toolchain/arm/arm-gnu-toolchain/bin/../lib/gcc/arm-none-eabi/6.3.1/thumb/v6-m\libgcc.a(subdf3.o)
                0x000034ac                __aeabi_dsub
 .text          0x00003ad8       0x68 c:/program files (x86)/atmel/studio/7.0/toolchain/arm/arm-gnu-toolchain/bin/../lib/gcc/arm-none-eabi/6.3.1/thumb/v6-m\libgcc.a(fixdfsi.o)
                0x00003ad8                __aeabi_d2iz
 .text          0x00003b40       0x84 c:/program files (x86)/atmel/studio/7.0/toolchain/arm/arm-gnu-toolchain/bin/../lib/gcc/arm-none-eabi/6.3.1/thumb/v6-m\libgcc.a(floatsidf.o)
                0x00003b40                __aeabi_i2d
 .text          0x00003bc4       0x3c c:/program files (x86)/atmel/studio/7.0/toolchain/arm/arm-gnu-toolchain/bin/../lib/gcc/arm-none-eabi/6.3.1/thumb/v6-m\libgcc.a(_clzsi2.o)
                0x00003bc4                __clzsi2
 .text.__libc_init_array
                0x00003c00       0x48 c:/program files (x86)/atmel/studio/7.0/toolchain/arm/arm-gnu-toolchain/bin/../lib/gcc/arm-none-eabi/6.3.1/../../../../arm-none-eabi/lib/thumb/v6-m\libc_nano.a(lib_a-init.o)
                0x00003c00                __libc_init_array
 .text.memcpy   0x00003c48       0x12 c:/program files (x86)/atmel/studio/7.0/toolchain/arm/arm-gnu-toolchain/bin/../lib/gcc/arm-none-eabi/6.3.1/../../../../arm-none-eabi/lib/thumb/v6-m\libc_nano.a(lib_a-memcpy-stub.o)
                0x00003c48                memcpy
 .text.memset   0x00003c5a       0x10 c:/program files (x86)/atmel/studio/7.0/toolchain/arm/arm-gnu-toolchain/bin/../lib/gcc/arm-none-eabi/6.3.1/../../../../arm-none-eabi/lib/thumb/v6-m\libc_nano.a(lib_a-memset.o)
                0x00003c5a                memset
 .text.setbuf   0x00003c6a       0x12 c:/program files (x86)/atmel/studio/7.0/toolchain/arm/arm-gnu-toolchain/bin/../lib/gcc/arm-none-eabi/6.3.1/../../../../arm-none-eabi/lib/thumb/v6-m\libc_nano.a(lib_a-setbuf.o)
                0x00003c6a                setbuf
 .text.setvbuf  0x00003c7c      0x158 c:/program files (x86)/atmel/studio/7.0/toolchain/arm/arm-gnu-toolchain/bin/../lib/gcc/arm-none-eabi/6.3.1/../../../../arm-none-eabi/lib/thumb/v6-m\libc_nano.a(lib_a-setvbuf.o)
                0x00003c7c                setvbuf
 .text.__sflush_r
                0x00003dd4      0x114 c:/program files (x86)/atmel/studio/7.0/toolchain/arm/arm-gnu-toolchain/bin/../lib/gcc/arm-none-eabi/6.3.1/../../../../arm-none-eabi/lib/thumb/v6-m\libc_nano.a(lib_a-fflush.o)
                0x00003dd4                __sflush_r
 .text._fflush_r
                0x00003ee8       0x58 c:/program files (x86)/atmel/studio/7.0/toolchain/arm/arm-gnu-toolchain/bin/../lib/gcc/arm-none-eabi/6.3.1/../../../../arm-none-eabi/lib/thumb/v6-m\libc_nano.a(lib_a-fflush.o)
                0x00003ee8                _fflush_r
 .text._cleanup_r
                0x00003f40       0x10 c:/program files (x86)/atmel/studio/7.0/toolchain/arm/arm-gnu-toolchain/bin/../lib/gcc/arm-none-eabi/6.3.1/../../../../arm-none-eabi/lib/thumb/v6-m\libc_nano.a(lib_a-findfp.o)
                0x00003f40                _cleanup_r
 .text.std.isra.0
                0x00003f50       0x48 c:/program files (x86)/atmel/studio/7.0/toolchain/arm/arm-gnu-toolchain/bin/../lib/gcc/arm-none-eabi/6.3.1/../../../../arm-none-eabi/lib/thumb/v6-m\libc_nano.a(lib_a-findfp.o)
 .text.__sfmoreglue
                0x00003f98       0x2c c:/program files (x86)/atmel/studio/7.0/toolchain/arm/arm-gnu-toolchain/bin/../lib/gcc/arm-none-eabi/6.3.1/../../../../arm-none-eabi/lib/thumb/v6-m\libc_nano.a(lib_a-findfp.o)
                0x00003f98                __sfmoreglue
 .text.__sinit  0x00003fc4       0x68 c:/program files (x86)/atmel/studio/7.0/toolchain/arm/arm-gnu-toolchain/bin/../lib/gcc/arm-none-eabi/6.3.1/../../../../arm-none-eabi/lib/thumb/v6-m\libc_nano.a(lib_a-findfp.o)
                0x00003fc4                __sinit
 .text.__sfp    0x0000402c       0x80 c:/program files (x86)/atmel/studio/7.0/toolchain/arm/arm-gnu-toolchain/bin/../lib/gcc/arm-none-eabi/6.3.1/../../../../arm-none-eabi/lib/thumb/v6-m\libc_nano.a(lib_a-findfp.o)
                0x0000402c                __sfp
 .text._fwalk_reent
                0x000040ac       0x42 c:/program files (x86)/atmel/studio/7.0/toolchain/arm/arm-gnu-toolchain/bin/../lib/gcc/arm-none-eabi/6.3.1/../../../../arm-none-eabi/lib/thumb/v6-m\libc_nano.a(lib_a-fwalk.o)
                0x000040ac                _fwalk_reent
 *fill*         0x000040ee        0x2 
 .text.__swhatbuf_r
                0x000040f0       0x50 c:/program files (x86)/atmel/studio/7.0/toolchain/arm/arm-gnu-toolchain/bin/../lib/gcc/arm-none-eabi/6.3.1/../../../../arm-none-eabi/lib/thumb/v6-m\libc_nano.a(lib_a-makebuf.o)
                0x000040f0                __swhatbuf_r
 .text.malloc   0x00004140       0x14 c:/program files (x86)/atmel/studio/7.0/toolchain/arm/arm-gnu-toolchain/bin/../lib/gcc/arm-none-eabi/6.3.1/../../../../arm-none-eabi/lib/thumb/v6-m\libc_nano.a(lib_a-malloc.o)
                0x00004140                malloc
 .text._free_r  0x00004154       0x94 c:/program files (x86)/atmel/studio/7.0/toolchain/arm/arm-gnu-toolchain/bin/../lib/gcc/arm-none-eabi/6.3.1/../../../../arm-none-eabi/lib/thumb/v6-m\libc_nano.a(lib_a-nano-freer.o)
                0x00004154                _free_r
 .text._malloc_r
                0x000041e8       0xbc c:/program files (x86)/atmel/studio/7.0/toolchain/arm/arm-gnu-toolchain/bin/../lib/gcc/arm-none-eabi/6.3.1/../../../../arm-none-eabi/lib/thumb/v6-m\libc_nano.a(lib_a-nano-mallocr.o)
                0x000041e8                _malloc_r
 .text._sbrk_r  0x000042a4       0x24 c:/program files (x86)/atmel/studio/7.0/toolchain/arm/arm-gnu-toolchain/bin/../lib/gcc/arm-none-eabi/6.3.1/../../../../arm-none-eabi/lib/thumb/v6-m\libc_nano.a(lib_a-sbrkr.o)
                0x000042a4                _sbrk_r
 .text.__sread  0x000042c8       0x28 c:/program files (x86)/atmel/studio/7.0/toolchain/arm/arm-gnu-toolchain/bin/../lib/gcc/arm-none-eabi/6.3.1/../../../../arm-none-eabi/lib/thumb/v6-m\libc_nano.a(lib_a-stdio.o)
                0x000042c8                __sread
 .text.__swrite
                0x000042f0       0x38 c:/program files (x86)/atmel/studio/7.0/toolchain/arm/arm-gnu-toolchain/bin/../lib/gcc/arm-none-eabi/6.3.1/../../../../arm-none-eabi/lib/thumb/v6-m\libc_nano.a(lib_a-stdio.o)
                0x000042f0                __swrite
 .text.__sseek  0x00004328       0x2c c:/program files (x86)/atmel/studio/7.0/toolchain/arm/arm-gnu-toolchain/bin/../lib/gcc/arm-none-eabi/6.3.1/../../../../arm-none-eabi/lib/thumb/v6-m\libc_nano.a(lib_a-stdio.o)
                0x00004328                __sseek
 .text.__sclose
                0x00004354        0xc c:/program files (x86)/atmel/studio/7.0/toolchain/arm/arm-gnu-toolchain/bin/../lib/gcc/arm-none-eabi/6.3.1/../../../../arm-none-eabi/lib/thumb/v6-m\libc_nano.a(lib_a-stdio.o)
                0x00004354                __sclose
 .text._write_r
                0x00004360       0x28 c:/program files (x86)/atmel/studio/7.0/toolchain/arm/arm-gnu-toolchain/bin/../lib/gcc/arm-none-eabi/6.3.1/../../../../arm-none-eabi/lib/thumb/v6-m\libc_nano.a(lib_a-writer.o)
                0x00004360                _write_r
 .text._close_r
                0x00004388       0x24 c:/program files (x86)/atmel/studio/7.0/toolchain/arm/arm-gnu-toolchain/bin/../lib/gcc/arm-none-eabi/6.3.1/../../../../arm-none-eabi/lib/thumb/v6-m\libc_nano.a(lib_a-closer.o)
                0x00004388                _close_r
 .text._fstat_r
                0x000043ac       0x24 c:/program files (x86)/atmel/studio/7.0/toolchain/arm/arm-gnu-toolchain/bin/../lib/gcc/arm-none-eabi/6.3.1/../../../../arm-none-eabi/lib/thumb/v6-m\libc_nano.a(lib_a-fstatr.o)
                0x000043ac                _fstat_r
 .text._lseek_r
                0x000043d0       0x28 c:/program files (x86)/atmel/studio/7.0/toolchain/arm/arm-gnu-toolchain/bin/../lib/gcc/arm-none-eabi/6.3.1/../../../../arm-none-eabi/lib/thumb/v6-m\libc_nano.a(lib_a-lseekr.o)
                0x000043d0                _lseek_r
 .text.__malloc_lock
                0x000043f8        0x2 c:/program files (x86)/atmel/studio/7.0/toolchain/arm/arm-gnu-toolchain/bin/../lib/gcc/arm-none-eabi/6.3.1/../../../../arm-none-eabi/lib/thumb/v6-m\libc_nano.a(lib_a-mlock.o)
                0x000043f8                __malloc_lock
 .text.__malloc_unlock
                0x000043fa        0x2 c:/program files (x86)/atmel/studio/7.0/toolchain/arm/arm-gnu-toolchain/bin/../lib/gcc/arm-none-eabi/6.3.1/../../../../arm-none-eabi/lib/thumb/v6-m\libc_nano.a(lib_a-mlock.o)
                0x000043fa                __malloc_unlock
 .text._read_r  0x000043fc       0x28 c:/program files (x86)/atmel/studio/7.0/toolchain/arm/arm-gnu-toolchain/bin/../lib/gcc/arm-none-eabi/6.3.1/../../../../arm-none-eabi/lib/thumb/v6-m\libc_nano.a(lib_a-readr.o)
                0x000043fc                _read_r
 *(.glue_7t)
 .glue_7t       0x00004424        0x0 linker stubs
 *(.glue_7)
 .glue_7        0x00004424        0x0 linker stubs
 *(.rodata .rodata* .gnu.linkonce.r.*)
 .rodata.str1.4
                0x00004424       0x1b hal/src/hal_can_async.o
 *fill*         0x0000443f        0x1 
 .rodata.str1.4
                0x00004440       0x14 hal/src/hal_io.o
 .rodata.str1.4
                0x00004454       0x1c hal/src/hal_spi_m_sync.o
 .rodata.str1.4
                0x00004470       0x17 hal/src/hal_timer.o
 *fill*         0x00004487        0x1 
 .rodata.str1.4
                0x00004488       0x1c hal/src/hal_usart_sync.o
 .rodata.str1.4
                0x000044a4       0x1e hal/utils/src/utils_list.o
 *fill*         0x000044c2        0x2 
 .rodata        0x000044c4       0x10 hpl/can/hpl_can.o
 .rodata.str1.4
                0x000044d4       0x15 hpl/rtc/hpl_rtc.o
 *fill*         0x000044e9        0x3 
 .rodata        0x000044ec       0x4d hpl/sercom/hpl_sercom.o
 *fill*         0x00004539        0x3 
 .rodata.str1.4
                0x0000453c       0x1b hpl/sercom/hpl_sercom.o
 *fill*         0x00004557        0x1 
 .rodata.str1.4
                0x00004558       0x4c main.o
                                 0x4a (size before relaxing)
 .rodata        0x000045a4       0x40 c:/program files (x86)/atmel/studio/7.0/toolchain/arm/arm-gnu-toolchain/bin/../lib/gcc/arm-none-eabi/6.3.1/thumb/v6-m\libgcc.a(muldf3.o)
 .rodata._global_impure_ptr
                0x000045e4        0x4 c:/program files (x86)/atmel/studio/7.0/toolchain/arm/arm-gnu-toolchain/bin/../lib/gcc/arm-none-eabi/6.3.1/../../../../arm-none-eabi/lib/thumb/v6-m\libc_nano.a(lib_a-impure.o)
                0x000045e4                _global_impure_ptr
 .rodata.__sf_fake_stderr
                0x000045e8       0x20 c:/program files (x86)/atmel/studio/7.0/toolchain/arm/arm-gnu-toolchain/bin/../lib/gcc/arm-none-eabi/6.3.1/../../../../arm-none-eabi/lib/thumb/v6-m\libc_nano.a(lib_a-findfp.o)
                0x000045e8                __sf_fake_stderr
 .rodata.__sf_fake_stdin
                0x00004608       0x20 c:/program files (x86)/atmel/studio/7.0/toolchain/arm/arm-gnu-toolchain/bin/../lib/gcc/arm-none-eabi/6.3.1/../../../../arm-none-eabi/lib/thumb/v6-m\libc_nano.a(lib_a-findfp.o)
                0x00004608                __sf_fake_stdin
 .rodata.__sf_fake_stdout
                0x00004628       0x20 c:/program files (x86)/atmel/studio/7.0/toolchain/arm/arm-gnu-toolchain/bin/../lib/gcc/arm-none-eabi/6.3.1/../../../../arm-none-eabi/lib/thumb/v6-m\libc_nano.a(lib_a-findfp.o)
                0x00004628                __sf_fake_stdout
 *(.ARM.extab* .gnu.linkonce.armextab.*)
                0x00004648                . = ALIGN (0x4)
 *(.init)
 .init          0x00004648        0x4 c:/program files (x86)/atmel/studio/7.0/toolchain/arm/arm-gnu-toolchain/bin/../lib/gcc/arm-none-eabi/6.3.1/thumb/v6-m/crti.o
                0x00004648                _init
 .init          0x0000464c        0x8 c:/program files (x86)/atmel/studio/7.0/toolchain/arm/arm-gnu-toolchain/bin/../lib/gcc/arm-none-eabi/6.3.1/thumb/v6-m/crtn.o
                0x00004654                . = ALIGN (0x4)
                0x00004654                __preinit_array_start = .
 *(.preinit_array)
                0x00004654                __preinit_array_end = .
                0x00004654                . = ALIGN (0x4)
                0x00004654                __init_array_start = .
 *(SORT(.init_array.*))
 *(.init_array)
 .init_array    0x00004654        0x4 c:/program files (x86)/atmel/studio/7.0/toolchain/arm/arm-gnu-toolchain/bin/../lib/gcc/arm-none-eabi/6.3.1/thumb/v6-m/crtbegin.o
                0x00004658                __init_array_end = .
                0x00004658                . = ALIGN (0x4)
 *crtbegin.o(.ctors)
 *(EXCLUDE_FILE(*crtend.o) .ctors)
 *(SORT(.ctors.*))
 *crtend.o(.ctors)
                0x00004658                . = ALIGN (0x4)
 *(.fini)
 .fini          0x00004658        0x4 c:/program files (x86)/atmel/studio/7.0/toolchain/arm/arm-gnu-toolchain/bin/../lib/gcc/arm-none-eabi/6.3.1/thumb/v6-m/crti.o
                0x00004658                _fini
 .fini          0x0000465c        0x8 c:/program files (x86)/atmel/studio/7.0/toolchain/arm/arm-gnu-toolchain/bin/../lib/gcc/arm-none-eabi/6.3.1/thumb/v6-m/crtn.o
                0x00004664                . = ALIGN (0x4)
                0x00004664                __fini_array_start = .
 *(.fini_array)
 .fini_array    0x00004664        0x4 c:/program files (x86)/atmel/studio/7.0/toolchain/arm/arm-gnu-toolchain/bin/../lib/gcc/arm-none-eabi/6.3.1/thumb/v6-m/crtbegin.o
 *(SORT(.fini_array.*))
                0x00004668                __fini_array_end = .
 *crtbegin.o(.dtors)
 *(EXCLUDE_FILE(*crtend.o) .dtors)
 *(SORT(.dtors.*))
 *crtend.o(.dtors)
                0x00004668                . = ALIGN (0x4)
                0x00004668                _efixed = .
                [!provide]                PROVIDE (__exidx_start, .)

.vfp11_veneer   0x00004668        0x0
 .vfp11_veneer  0x00004668        0x0 linker stubs

.v4_bx          0x00004668        0x0
 .v4_bx         0x00004668        0x0 linker stubs

.iplt           0x00004668        0x0
 .iplt          0x00004668        0x0 c:/program files (x86)/atmel/studio/7.0/toolchain/arm/arm-gnu-toolchain/bin/../lib/gcc/arm-none-eabi/6.3.1/thumb/v6-m/crtbegin.o

.eh_frame       0x00004668        0x0
 .eh_frame      0x00004668        0x0 c:/program files (x86)/atmel/studio/7.0/toolchain/arm/arm-gnu-toolchain/bin/../lib/gcc/arm-none-eabi/6.3.1/thumb/v6-m/crtbegin.o

.rel.dyn        0x00004668        0x0
 .rel.iplt      0x00004668        0x0 c:/program files (x86)/atmel/studio/7.0/toolchain/arm/arm-gnu-toolchain/bin/../lib/gcc/arm-none-eabi/6.3.1/thumb/v6-m/crtbegin.o

.jcr            0x00004668        0x0
 .jcr           0x00004668        0x0 c:/program files (x86)/atmel/studio/7.0/toolchain/arm/arm-gnu-toolchain/bin/../lib/gcc/arm-none-eabi/6.3.1/thumb/v6-m/crtbegin.o

.igot.plt       0x00004668        0x0
 .igot.plt      0x00004668        0x0 c:/program files (x86)/atmel/studio/7.0/toolchain/arm/arm-gnu-toolchain/bin/../lib/gcc/arm-none-eabi/6.3.1/thumb/v6-m/crtbegin.o

.ARM.exidx
 *(.ARM.exidx* .gnu.linkonce.armexidx.*)
                [!provide]                PROVIDE (__exidx_end, .)
                0x00004668                . = ALIGN (0x4)
                0x00004668                _etext = .

.relocate       0x20000000       0x78 load address 0x00004668
                0x20000000                . = ALIGN (0x4)
                0x20000000                _srelocate = .
 *(.ramfunc .ramfunc.*)
 *(.data .data.*)
 .data          0x20000000       0x14 hpl/can/hpl_can.o
                0x20000000                _can0_context
 .data._impure_ptr
                0x20000014        0x4 c:/program files (x86)/atmel/studio/7.0/toolchain/arm/arm-gnu-toolchain/bin/../lib/gcc/arm-none-eabi/6.3.1/../../../../arm-none-eabi/lib/thumb/v6-m\libc_nano.a(lib_a-impure.o)
                0x20000014                _impure_ptr
 .data.impure_data
                0x20000018       0x60 c:/program files (x86)/atmel/studio/7.0/toolchain/arm/arm-gnu-toolchain/bin/../lib/gcc/arm-none-eabi/6.3.1/../../../../arm-none-eabi/lib/thumb/v6-m\libc_nano.a(lib_a-impure.o)
                0x20000078                . = ALIGN (0x4)
                0x20000078                _erelocate = .

.bss            0x20000078      0x26c load address 0x000046e0
                0x20000078                . = ALIGN (0x4)
                0x20000078                _sbss = .
                0x20000078                _szero = .
 *(.bss .bss.*)
 .bss           0x20000078       0x1c c:/program files (x86)/atmel/studio/7.0/toolchain/arm/arm-gnu-toolchain/bin/../lib/gcc/arm-none-eabi/6.3.1/thumb/v6-m/crtbegin.o
 .bss           0x20000094        0x2 DisplayLib/FT8_commands.o
                0x20000094                cmdOffset
 *fill*         0x20000096        0x2 
 .bss           0x20000098        0x4 hal/src/hal_delay.o
 .bss           0x2000009c        0x4 hal/utils/src/utils_syscalls.o
 .bss           0x200000a0       0x2c hpl/can/hpl_can.o
 .bss           0x200000cc        0x4 hpl/rtc/hpl_rtc.o
 .bss           0x200000d0      0x154 main.o
                0x200000dc                CAN_battery_charge_and_temp_buffer_head
                0x200000e0                CAN_battery_charge_and_temp_buffer
                0x20000130                CANams
                0x20000180                battery_v
                0x200001c4                CAN_AMS_buffer_head
                0x200001c5                CAN_speed_buffer_head
                0x200001c8                CAN_speed_buffer
                0x20000218                AMS_state
                0x2000021c                battery_temp
                0x20000220                speed
 .bss           0x20000224        0x4 stdio_redirect/stdio_io.o
 .bss.__malloc_free_list
                0x20000228        0x4 c:/program files (x86)/atmel/studio/7.0/toolchain/arm/arm-gnu-toolchain/bin/../lib/gcc/arm-none-eabi/6.3.1/../../../../arm-none-eabi/lib/thumb/v6-m\libc_nano.a(lib_a-nano-mallocr.o)
                0x20000228                __malloc_free_list
 .bss.__malloc_sbrk_start
                0x2000022c        0x4 c:/program files (x86)/atmel/studio/7.0/toolchain/arm/arm-gnu-toolchain/bin/../lib/gcc/arm-none-eabi/6.3.1/../../../../arm-none-eabi/lib/thumb/v6-m\libc_nano.a(lib_a-nano-mallocr.o)
                0x2000022c                __malloc_sbrk_start
 *(COMMON)
 COMMON         0x20000230       0x1c DisplayLib/FT8_commands.o
                0x20000230                io
                0x20000234                SPI_0
 COMMON         0x2000024c       0x50 driver_init.o
                0x2000024c                CAN_0
                0x20000274                TARGET_IO
                0x20000280                TIMER_0
 COMMON         0x2000029c       0x40 hpl/can/hpl_can.o
                0x2000029c                can0_rx_fifo
                0x200002bc                can0_tx_fifo
 COMMON         0x200002dc        0x2 main.o
                0x200002dc                discharge_state
                0x200002dd                charge_safety
 *fill*         0x200002de        0x2 
 COMMON         0x200002e0        0x4 c:/program files (x86)/atmel/studio/7.0/toolchain/arm/arm-gnu-toolchain/bin/../lib/gcc/arm-none-eabi/6.3.1/../../../../arm-none-eabi/lib/thumb/v6-m\libc_nano.a(lib_a-reent.o)
                0x200002e0                errno
                0x200002e4                . = ALIGN (0x4)
                0x200002e4                _ebss = .
                0x200002e4                _ezero = .

.stack          0x200002e4     0x2004 load address 0x0000494c
                0x200002e8                . = ALIGN (0x8)
 *fill*         0x200002e4        0x4 
                0x200002e8                _sstack = .
                0x200022e8                . = (. + STACK_SIZE)
 *fill*         0x200002e8     0x2000 
                0x200022e8                . = ALIGN (0x8)
                0x200022e8                _estack = .
                0x200022e8                . = ALIGN (0x4)
                0x200022e8                _end = .
OUTPUT(DashScreenFinal.elf elf32-littlearm)

.ARM.attributes
                0x00000000       0x28
 .ARM.attributes
                0x00000000       0x1e c:/program files (x86)/atmel/studio/7.0/toolchain/arm/arm-gnu-toolchain/bin/../lib/gcc/arm-none-eabi/6.3.1/thumb/v6-m/crti.o
 .ARM.attributes
                0x0000001e       0x2c c:/program files (x86)/atmel/studio/7.0/toolchain/arm/arm-gnu-toolchain/bin/../lib/gcc/arm-none-eabi/6.3.1/thumb/v6-m/crtbegin.o
 .ARM.attributes
                0x0000004a       0x32 atmel_start.o
 .ARM.attributes
                0x0000007c       0x32 Device_Startup/startup_samc21.o
 .ARM.attributes
                0x000000ae       0x32 DisplayLib/FT8_commands.o
 .ARM.attributes
                0x000000e0       0x32 DisplayLib/FT8_config.o
 .ARM.attributes
                0x00000112       0x32 driver_init.o
 .ARM.attributes
                0x00000144       0x32 hal/src/hal_atomic.o
 .ARM.attributes
                0x00000176       0x32 hal/src/hal_can_async.o
 .ARM.attributes
                0x000001a8       0x32 hal/src/hal_delay.o
 .ARM.attributes
                0x000001da       0x32 hal/src/hal_io.o
 .ARM.attributes
                0x0000020c       0x32 hal/src/hal_spi_m_sync.o
 .ARM.attributes
                0x0000023e       0x32 hal/src/hal_timer.o
 .ARM.attributes
                0x00000270       0x32 hal/src/hal_usart_sync.o
 .ARM.attributes
                0x000002a2       0x32 hal/utils/src/utils_assert.o
 .ARM.attributes
                0x000002d4       0x32 hal/utils/src/utils_list.o
 .ARM.attributes
                0x00000306       0x32 hal/utils/src/utils_syscalls.o
 .ARM.attributes
                0x00000338       0x32 hpl/can/hpl_can.o
 .ARM.attributes
                0x0000036a       0x32 hpl/core/hpl_core_m0plus_base.o
 .ARM.attributes
                0x0000039c       0x32 hpl/core/hpl_init.o
 .ARM.attributes
                0x000003ce       0x32 hpl/divas/hpl_divas.o
 .ARM.attributes
                0x00000400       0x32 hpl/gclk/hpl_gclk.o
 .ARM.attributes
                0x00000432       0x32 hpl/mclk/hpl_mclk.o
 .ARM.attributes
                0x00000464       0x32 hpl/osc32kctrl/hpl_osc32kctrl.o
 .ARM.attributes
                0x00000496       0x32 hpl/oscctrl/hpl_oscctrl.o
 .ARM.attributes
                0x000004c8       0x32 hpl/rtc/hpl_rtc.o
 .ARM.attributes
                0x000004fa       0x32 hpl/sercom/hpl_sercom.o
 .ARM.attributes
                0x0000052c       0x32 hpl/systick/hpl_systick.o
 .ARM.attributes
                0x0000055e       0x32 main.o
 .ARM.attributes
                0x00000590       0x32 stdio_redirect/gcc/read.o
 .ARM.attributes
                0x000005c2       0x32 stdio_redirect/gcc/write.o
 .ARM.attributes
                0x000005f4       0x32 stdio_redirect/stdio_io.o
 .ARM.attributes
                0x00000626       0x32 stdio_start.o
 .ARM.attributes
                0x00000658       0x32 SPI_io_descriptor.o
 .ARM.attributes
                0x0000068a       0x2c c:/program files (x86)/atmel/studio/7.0/toolchain/arm/arm-gnu-toolchain/bin/../lib/gcc/arm-none-eabi/6.3.1/thumb/v6-m\libgcc.a(adddf3.o)
 .ARM.attributes
                0x000006b6       0x2c c:/program files (x86)/atmel/studio/7.0/toolchain/arm/arm-gnu-toolchain/bin/../lib/gcc/arm-none-eabi/6.3.1/thumb/v6-m\libgcc.a(muldf3.o)
 .ARM.attributes
                0x000006e2       0x2c c:/program files (x86)/atmel/studio/7.0/toolchain/arm/arm-gnu-toolchain/bin/../lib/gcc/arm-none-eabi/6.3.1/thumb/v6-m\libgcc.a(subdf3.o)
 .ARM.attributes
                0x0000070e       0x2c c:/program files (x86)/atmel/studio/7.0/toolchain/arm/arm-gnu-toolchain/bin/../lib/gcc/arm-none-eabi/6.3.1/thumb/v6-m\libgcc.a(fixdfsi.o)
 .ARM.attributes
                0x0000073a       0x2c c:/program files (x86)/atmel/studio/7.0/toolchain/arm/arm-gnu-toolchain/bin/../lib/gcc/arm-none-eabi/6.3.1/thumb/v6-m\libgcc.a(floatsidf.o)
 .ARM.attributes
                0x00000766       0x1e c:/program files (x86)/atmel/studio/7.0/toolchain/arm/arm-gnu-toolchain/bin/../lib/gcc/arm-none-eabi/6.3.1/thumb/v6-m\libgcc.a(_clzsi2.o)
 .ARM.attributes
                0x00000784       0x2c c:/program files (x86)/atmel/studio/7.0/toolchain/arm/arm-gnu-toolchain/bin/../lib/gcc/arm-none-eabi/6.3.1/../../../../arm-none-eabi/lib/thumb/v6-m\libc_nano.a(lib_a-impure.o)
 .ARM.attributes
                0x000007b0       0x2c c:/program files (x86)/atmel/studio/7.0/toolchain/arm/arm-gnu-toolchain/bin/../lib/gcc/arm-none-eabi/6.3.1/../../../../arm-none-eabi/lib/thumb/v6-m\libc_nano.a(lib_a-init.o)
 .ARM.attributes
                0x000007dc       0x2c c:/program files (x86)/atmel/studio/7.0/toolchain/arm/arm-gnu-toolchain/bin/../lib/gcc/arm-none-eabi/6.3.1/../../../../arm-none-eabi/lib/thumb/v6-m\libc_nano.a(lib_a-memcpy-stub.o)
 .ARM.attributes
                0x00000808       0x2c c:/program files (x86)/atmel/studio/7.0/toolchain/arm/arm-gnu-toolchain/bin/../lib/gcc/arm-none-eabi/6.3.1/../../../../arm-none-eabi/lib/thumb/v6-m\libc_nano.a(lib_a-memset.o)
 .ARM.attributes
                0x00000834       0x2c c:/program files (x86)/atmel/studio/7.0/toolchain/arm/arm-gnu-toolchain/bin/../lib/gcc/arm-none-eabi/6.3.1/../../../../arm-none-eabi/lib/thumb/v6-m\libc_nano.a(lib_a-setbuf.o)
 .ARM.attributes
                0x00000860       0x2c c:/program files (x86)/atmel/studio/7.0/toolchain/arm/arm-gnu-toolchain/bin/../lib/gcc/arm-none-eabi/6.3.1/../../../../arm-none-eabi/lib/thumb/v6-m\libc_nano.a(lib_a-setvbuf.o)
 .ARM.attributes
                0x0000088c       0x2c c:/program files (x86)/atmel/studio/7.0/toolchain/arm/arm-gnu-toolchain/bin/../lib/gcc/arm-none-eabi/6.3.1/../../../../arm-none-eabi/lib/thumb/v6-m\libc_nano.a(lib_a-fflush.o)
 .ARM.attributes
                0x000008b8       0x2c c:/program files (x86)/atmel/studio/7.0/toolchain/arm/arm-gnu-toolchain/bin/../lib/gcc/arm-none-eabi/6.3.1/../../../../arm-none-eabi/lib/thumb/v6-m\libc_nano.a(lib_a-findfp.o)
 .ARM.attributes
                0x000008e4       0x2c c:/program files (x86)/atmel/studio/7.0/toolchain/arm/arm-gnu-toolchain/bin/../lib/gcc/arm-none-eabi/6.3.1/../../../../arm-none-eabi/lib/thumb/v6-m\libc_nano.a(lib_a-fwalk.o)
 .ARM.attributes
                0x00000910       0x2c c:/program files (x86)/atmel/studio/7.0/toolchain/arm/arm-gnu-toolchain/bin/../lib/gcc/arm-none-eabi/6.3.1/../../../../arm-none-eabi/lib/thumb/v6-m\libc_nano.a(lib_a-makebuf.o)
 .ARM.attributes
                0x0000093c       0x2c c:/program files (x86)/atmel/studio/7.0/toolchain/arm/arm-gnu-toolchain/bin/../lib/gcc/arm-none-eabi/6.3.1/../../../../arm-none-eabi/lib/thumb/v6-m\libc_nano.a(lib_a-malloc.o)
 .ARM.attributes
                0x00000968       0x2c c:/program files (x86)/atmel/studio/7.0/toolchain/arm/arm-gnu-toolchain/bin/../lib/gcc/arm-none-eabi/6.3.1/../../../../arm-none-eabi/lib/thumb/v6-m\libc_nano.a(lib_a-nano-freer.o)
 .ARM.attributes
                0x00000994       0x2c c:/program files (x86)/atmel/studio/7.0/toolchain/arm/arm-gnu-toolchain/bin/../lib/gcc/arm-none-eabi/6.3.1/../../../../arm-none-eabi/lib/thumb/v6-m\libc_nano.a(lib_a-nano-mallocr.o)
 .ARM.attributes
                0x000009c0       0x2c c:/program files (x86)/atmel/studio/7.0/toolchain/arm/arm-gnu-toolchain/bin/../lib/gcc/arm-none-eabi/6.3.1/../../../../arm-none-eabi/lib/thumb/v6-m\libc_nano.a(lib_a-sbrkr.o)
 .ARM.attributes
                0x000009ec       0x2c c:/program files (x86)/atmel/studio/7.0/toolchain/arm/arm-gnu-toolchain/bin/../lib/gcc/arm-none-eabi/6.3.1/../../../../arm-none-eabi/lib/thumb/v6-m\libc_nano.a(lib_a-stdio.o)
 .ARM.attributes
                0x00000a18       0x2c c:/program files (x86)/atmel/studio/7.0/toolchain/arm/arm-gnu-toolchain/bin/../lib/gcc/arm-none-eabi/6.3.1/../../../../arm-none-eabi/lib/thumb/v6-m\libc_nano.a(lib_a-writer.o)
 .ARM.attributes
                0x00000a44       0x2c c:/program files (x86)/atmel/studio/7.0/toolchain/arm/arm-gnu-toolchain/bin/../lib/gcc/arm-none-eabi/6.3.1/../../../../arm-none-eabi/lib/thumb/v6-m\libc_nano.a(lib_a-closer.o)
 .ARM.attributes
                0x00000a70       0x2c c:/program files (x86)/atmel/studio/7.0/toolchain/arm/arm-gnu-toolchain/bin/../lib/gcc/arm-none-eabi/6.3.1/../../../../arm-none-eabi/lib/thumb/v6-m\libc_nano.a(lib_a-fstatr.o)
 .ARM.attributes
                0x00000a9c       0x2c c:/program files (x86)/atmel/studio/7.0/toolchain/arm/arm-gnu-toolchain/bin/../lib/gcc/arm-none-eabi/6.3.1/../../../../arm-none-eabi/lib/thumb/v6-m\libc_nano.a(lib_a-lseekr.o)
 .ARM.attributes
                0x00000ac8       0x2c c:/program files (x86)/atmel/studio/7.0/toolchain/arm/arm-gnu-toolchain/bin/../lib/gcc/arm-none-eabi/6.3.1/../../../../arm-none-eabi/lib/thumb/v6-m\libc_nano.a(lib_a-mlock.o)
 .ARM.attributes
                0x00000af4       0x2c c:/program files (x86)/atmel/studio/7.0/toolchain/arm/arm-gnu-toolchain/bin/../lib/gcc/arm-none-eabi/6.3.1/../../../../arm-none-eabi/lib/thumb/v6-m\libc_nano.a(lib_a-readr.o)
 .ARM.attributes
                0x00000b20       0x2c c:/program files (x86)/atmel/studio/7.0/toolchain/arm/arm-gnu-toolchain/bin/../lib/gcc/arm-none-eabi/6.3.1/../../../../arm-none-eabi/lib/thumb/v6-m\libc_nano.a(lib_a-reent.o)
 .ARM.attributes
                0x00000b4c       0x1e c:/program files (x86)/atmel/studio/7.0/toolchain/arm/arm-gnu-toolchain/bin/../lib/gcc/arm-none-eabi/6.3.1/thumb/v6-m/crtn.o

.comment        0x00000000       0x59
 .comment       0x00000000       0x59 atmel_start.o
                                 0x5a (size before relaxing)
 .comment       0x00000059       0x5a Device_Startup/startup_samc21.o
 .comment       0x00000059       0x5a DisplayLib/FT8_commands.o
 .comment       0x00000059       0x5a DisplayLib/FT8_config.o
 .comment       0x00000059       0x5a driver_init.o
 .comment       0x00000059       0x5a hal/src/hal_atomic.o
 .comment       0x00000059       0x5a hal/src/hal_can_async.o
 .comment       0x00000059       0x5a hal/src/hal_delay.o
 .comment       0x00000059       0x5a hal/src/hal_io.o
 .comment       0x00000059       0x5a hal/src/hal_spi_m_sync.o
 .comment       0x00000059       0x5a hal/src/hal_timer.o
 .comment       0x00000059       0x5a hal/src/hal_usart_sync.o
 .comment       0x00000059       0x5a hal/utils/src/utils_assert.o
 .comment       0x00000059       0x5a hal/utils/src/utils_list.o
 .comment       0x00000059       0x5a hal/utils/src/utils_syscalls.o
 .comment       0x00000059       0x5a hpl/can/hpl_can.o
 .comment       0x00000059       0x5a hpl/core/hpl_core_m0plus_base.o
 .comment       0x00000059       0x5a hpl/core/hpl_init.o
 .comment       0x00000059       0x5a hpl/divas/hpl_divas.o
 .comment       0x00000059       0x5a hpl/gclk/hpl_gclk.o
 .comment       0x00000059       0x5a hpl/mclk/hpl_mclk.o
 .comment       0x00000059       0x5a hpl/osc32kctrl/hpl_osc32kctrl.o
 .comment       0x00000059       0x5a hpl/oscctrl/hpl_oscctrl.o
 .comment       0x00000059       0x5a hpl/rtc/hpl_rtc.o
 .comment       0x00000059       0x5a hpl/sercom/hpl_sercom.o
 .comment       0x00000059       0x5a hpl/systick/hpl_systick.o
 .comment       0x00000059       0x5a main.o
 .comment       0x00000059       0x5a stdio_redirect/gcc/read.o
 .comment       0x00000059       0x5a stdio_redirect/gcc/write.o
 .comment       0x00000059       0x5a stdio_redirect/stdio_io.o
 .comment       0x00000059       0x5a stdio_start.o
 .comment       0x00000059       0x5a SPI_io_descriptor.o

.debug_info     0x00000000    0x3317a
 .debug_info    0x00000000      0xe77 atmel_start.o
 .debug_info    0x00000e77      0x527 Device_Startup/startup_samc21.o
 .debug_info    0x0000139e     0x5990 DisplayLib/FT8_commands.o
 .debug_info    0x00006d2e     0x1459 DisplayLib/FT8_config.o
 .debug_info    0x00008187     0x9641 driver_init.o
 .debug_info    0x000117c8      0x1d1 hal/src/hal_atomic.o
 .debug_info    0x00011999      0xa21 hal/src/hal_can_async.o
 .debug_info    0x000123ba      0x1dc hal/src/hal_delay.o
 .debug_info    0x00012596      0x2b2 hal/src/hal_io.o
 .debug_info    0x00012848      0x9c9 hal/src/hal_spi_m_sync.o
 .debug_info    0x00013211      0xb91 hal/src/hal_timer.o
 .debug_info    0x00013da2      0xc56 hal/src/hal_usart_sync.o
 .debug_info    0x000149f8      0x107 hal/utils/src/utils_assert.o
 .debug_info    0x00014aff      0x314 hal/utils/src/utils_list.o
 .debug_info    0x00014e13      0xdca hal/utils/src/utils_syscalls.o
 .debug_info    0x00015bdd     0x57b3 hpl/can/hpl_can.o
 .debug_info    0x0001b390      0x81f hpl/core/hpl_core_m0plus_base.o
 .debug_info    0x0001bbaf      0x75c hpl/core/hpl_init.o
 .debug_info    0x0001c30b      0x854 hpl/divas/hpl_divas.o
 .debug_info    0x0001cb5f      0x76e hpl/gclk/hpl_gclk.o
 .debug_info    0x0001d2cd      0x7c2 hpl/mclk/hpl_mclk.o
 .debug_info    0x0001da8f      0x877 hpl/osc32kctrl/hpl_osc32kctrl.o
 .debug_info    0x0001e306     0x108c hpl/oscctrl/hpl_oscctrl.o
 .debug_info    0x0001f392     0x27e9 hpl/rtc/hpl_rtc.o
 .debug_info    0x00021b7b     0xb316 hpl/sercom/hpl_sercom.o
 .debug_info    0x0002ce91      0x25e hpl/systick/hpl_systick.o
 .debug_info    0x0002d0ef     0x2ee2 main.o
 .debug_info    0x0002ffd1      0xa34 stdio_redirect/gcc/read.o
 .debug_info    0x00030a05      0xa34 stdio_redirect/gcc/write.o
 .debug_info    0x00031439      0xbe2 stdio_redirect/stdio_io.o
 .debug_info    0x0003201b      0xec8 stdio_start.o
 .debug_info    0x00032ee3      0x297 SPI_io_descriptor.o

.debug_abbrev   0x00000000     0x4694
 .debug_abbrev  0x00000000      0x1ce atmel_start.o
 .debug_abbrev  0x000001ce      0x142 Device_Startup/startup_samc21.o
 .debug_abbrev  0x00000310      0x2fc DisplayLib/FT8_commands.o
 .debug_abbrev  0x0000060c      0x356 DisplayLib/FT8_config.o
 .debug_abbrev  0x00000962      0x37c driver_init.o
 .debug_abbrev  0x00000cde      0x144 hal/src/hal_atomic.o
 .debug_abbrev  0x00000e22      0x18b hal/src/hal_can_async.o
 .debug_abbrev  0x00000fad       0xe1 hal/src/hal_delay.o
 .debug_abbrev  0x0000108e      0x115 hal/src/hal_io.o
 .debug_abbrev  0x000011a3      0x1b1 hal/src/hal_spi_m_sync.o
 .debug_abbrev  0x00001354      0x221 hal/src/hal_timer.o
 .debug_abbrev  0x00001575      0x217 hal/src/hal_usart_sync.o
 .debug_abbrev  0x0000178c       0x86 hal/utils/src/utils_assert.o
 .debug_abbrev  0x00001812      0x152 hal/utils/src/utils_list.o
 .debug_abbrev  0x00001964      0x269 hal/utils/src/utils_syscalls.o
 .debug_abbrev  0x00001bcd      0x48b hpl/can/hpl_can.o
 .debug_abbrev  0x00002058      0x2a8 hpl/core/hpl_core_m0plus_base.o
 .debug_abbrev  0x00002300      0x1ce hpl/core/hpl_init.o
 .debug_abbrev  0x000024ce      0x232 hpl/divas/hpl_divas.o
 .debug_abbrev  0x00002700      0x1ab hpl/gclk/hpl_gclk.o
 .debug_abbrev  0x000028ab      0x1ac hpl/mclk/hpl_mclk.o
 .debug_abbrev  0x00002a57      0x1d1 hpl/osc32kctrl/hpl_osc32kctrl.o
 .debug_abbrev  0x00002c28      0x209 hpl/oscctrl/hpl_oscctrl.o
 .debug_abbrev  0x00002e31      0x3d3 hpl/rtc/hpl_rtc.o
 .debug_abbrev  0x00003204      0x593 hpl/sercom/hpl_sercom.o
 .debug_abbrev  0x00003797      0x172 hpl/systick/hpl_systick.o
 .debug_abbrev  0x00003909      0x47a main.o
 .debug_abbrev  0x00003d83      0x1e8 stdio_redirect/gcc/read.o
 .debug_abbrev  0x00003f6b      0x1e8 stdio_redirect/gcc/write.o
 .debug_abbrev  0x00004153      0x229 stdio_redirect/stdio_io.o
 .debug_abbrev  0x0000437c      0x1fc stdio_start.o
 .debug_abbrev  0x00004578      0x11c SPI_io_descriptor.o

.debug_loc      0x00000000    0x11201
 .debug_loc     0x00000000       0x20 atmel_start.o
 .debug_loc     0x00000020       0x78 Device_Startup/startup_samc21.o
 .debug_loc     0x00000098     0x2ad1 DisplayLib/FT8_commands.o
 .debug_loc     0x00002b69      0x167 DisplayLib/FT8_config.o
 .debug_loc     0x00002cd0      0xdbd driver_init.o
 .debug_loc     0x00003a8d       0x13 hal/src/hal_atomic.o
 .debug_loc     0x00003aa0      0x6c4 hal/src/hal_can_async.o
 .debug_loc     0x00004164       0xc3 hal/src/hal_delay.o
 .debug_loc     0x00004227      0x1b6 hal/src/hal_io.o
 .debug_loc     0x000043dd      0x728 hal/src/hal_spi_m_sync.o
 .debug_loc     0x00004b05      0x767 hal/src/hal_timer.o
 .debug_loc     0x0000526c      0xa26 hal/src/hal_usart_sync.o
 .debug_loc     0x00005c92      0x213 hal/utils/src/utils_list.o
 .debug_loc     0x00005ea5      0x13b hal/utils/src/utils_syscalls.o
 .debug_loc     0x00005fe0      0xc89 hpl/can/hpl_can.o
 .debug_loc     0x00006c69      0x29d hpl/core/hpl_core_m0plus_base.o
 .debug_loc     0x00006f06       0x4c hpl/core/hpl_init.o
 .debug_loc     0x00006f52      0x2a5 hpl/divas/hpl_divas.o
 .debug_loc     0x000071f7      0x31e hpl/gclk/hpl_gclk.o
 .debug_loc     0x00007515       0x2c hpl/mclk/hpl_mclk.o
 .debug_loc     0x00007541      0x12a hpl/osc32kctrl/hpl_osc32kctrl.o
 .debug_loc     0x0000766b      0x184 hpl/oscctrl/hpl_oscctrl.o
 .debug_loc     0x000077ef      0x609 hpl/rtc/hpl_rtc.o
 .debug_loc     0x00007df8     0x7d95 hpl/sercom/hpl_sercom.o
 .debug_loc     0x0000fb8d       0xf9 hpl/systick/hpl_systick.o
 .debug_loc     0x0000fc86     0x11d8 main.o
 .debug_loc     0x00010e5e       0xfe stdio_redirect/gcc/read.o
 .debug_loc     0x00010f5c       0xf2 stdio_redirect/gcc/write.o
 .debug_loc     0x0001104e      0x153 stdio_redirect/stdio_io.o
 .debug_loc     0x000111a1       0x40 stdio_start.o
 .debug_loc     0x000111e1       0x20 SPI_io_descriptor.o

.debug_aranges  0x00000000      0xff0
 .debug_aranges
                0x00000000       0x20 atmel_start.o
 .debug_aranges
                0x00000020       0x28 Device_Startup/startup_samc21.o
 .debug_aranges
                0x00000048      0x220 DisplayLib/FT8_commands.o
 .debug_aranges
                0x00000268       0x50 DisplayLib/FT8_config.o
 .debug_aranges
                0x000002b8       0x70 driver_init.o
 .debug_aranges
                0x00000328       0x30 hal/src/hal_atomic.o
 .debug_aranges
                0x00000358       0x90 hal/src/hal_can_async.o
 .debug_aranges
                0x000003e8       0x38 hal/src/hal_delay.o
 .debug_aranges
                0x00000420       0x30 hal/src/hal_io.o
 .debug_aranges
                0x00000450       0x88 hal/src/hal_spi_m_sync.o
 .debug_aranges
                0x000004d8       0x70 hal/src/hal_timer.o
 .debug_aranges
                0x00000548       0xa8 hal/src/hal_usart_sync.o
 .debug_aranges
                0x000005f0       0x20 hal/utils/src/utils_assert.o
 .debug_aranges
                0x00000610       0x48 hal/utils/src/utils_list.o
 .debug_aranges
                0x00000658       0x60 hal/utils/src/utils_syscalls.o
 .debug_aranges
                0x000006b8       0x78 hpl/can/hpl_can.o
 .debug_aranges
                0x00000730       0x70 hpl/core/hpl_core_m0plus_base.o
 .debug_aranges
                0x000007a0       0x20 hpl/core/hpl_init.o
 .debug_aranges
                0x000007c0       0x40 hpl/divas/hpl_divas.o
 .debug_aranges
                0x00000800       0x28 hpl/gclk/hpl_gclk.o
 .debug_aranges
                0x00000828       0x20 hpl/mclk/hpl_mclk.o
 .debug_aranges
                0x00000848       0x20 hpl/osc32kctrl/hpl_osc32kctrl.o
 .debug_aranges
                0x00000868       0x28 hpl/oscctrl/hpl_oscctrl.o
 .debug_aranges
                0x00000890       0x70 hpl/rtc/hpl_rtc.o
 .debug_aranges
                0x00000900      0x508 hpl/sercom/hpl_sercom.o
 .debug_aranges
                0x00000e08       0x48 hpl/systick/hpl_systick.o
 .debug_aranges
                0x00000e50       0xe0 main.o
 .debug_aranges
                0x00000f30       0x20 stdio_redirect/gcc/read.o
 .debug_aranges
                0x00000f50       0x20 stdio_redirect/gcc/write.o
 .debug_aranges
                0x00000f70       0x38 stdio_redirect/stdio_io.o
 .debug_aranges
                0x00000fa8       0x28 stdio_start.o
 .debug_aranges
                0x00000fd0       0x20 SPI_io_descriptor.o

.debug_ranges   0x00000000      0xff0
 .debug_ranges  0x00000000       0x10 atmel_start.o
 .debug_ranges  0x00000010       0x18 Device_Startup/startup_samc21.o
 .debug_ranges  0x00000028      0x210 DisplayLib/FT8_commands.o
 .debug_ranges  0x00000238       0x40 DisplayLib/FT8_config.o
 .debug_ranges  0x00000278       0x60 driver_init.o
 .debug_ranges  0x000002d8       0x20 hal/src/hal_atomic.o
 .debug_ranges  0x000002f8       0x80 hal/src/hal_can_async.o
 .debug_ranges  0x00000378       0x28 hal/src/hal_delay.o
 .debug_ranges  0x000003a0       0x20 hal/src/hal_io.o
 .debug_ranges  0x000003c0       0x78 hal/src/hal_spi_m_sync.o
 .debug_ranges  0x00000438       0x90 hal/src/hal_timer.o
 .debug_ranges  0x000004c8       0x98 hal/src/hal_usart_sync.o
 .debug_ranges  0x00000560       0x10 hal/utils/src/utils_assert.o
 .debug_ranges  0x00000570       0x38 hal/utils/src/utils_list.o
 .debug_ranges  0x000005a8       0x50 hal/utils/src/utils_syscalls.o
 .debug_ranges  0x000005f8       0x68 hpl/can/hpl_can.o
 .debug_ranges  0x00000660       0x60 hpl/core/hpl_core_m0plus_base.o
 .debug_ranges  0x000006c0       0x10 hpl/core/hpl_init.o
 .debug_ranges  0x000006d0       0x30 hpl/divas/hpl_divas.o
 .debug_ranges  0x00000700       0x18 hpl/gclk/hpl_gclk.o
 .debug_ranges  0x00000718       0x10 hpl/mclk/hpl_mclk.o
 .debug_ranges  0x00000728       0x10 hpl/osc32kctrl/hpl_osc32kctrl.o
 .debug_ranges  0x00000738       0x18 hpl/oscctrl/hpl_oscctrl.o
 .debug_ranges  0x00000750       0x60 hpl/rtc/hpl_rtc.o
 .debug_ranges  0x000007b0      0x6c8 hpl/sercom/hpl_sercom.o
 .debug_ranges  0x00000e78       0x38 hpl/systick/hpl_systick.o
 .debug_ranges  0x00000eb0       0xd0 main.o
 .debug_ranges  0x00000f80       0x10 stdio_redirect/gcc/read.o
 .debug_ranges  0x00000f90       0x10 stdio_redirect/gcc/write.o
 .debug_ranges  0x00000fa0       0x28 stdio_redirect/stdio_io.o
 .debug_ranges  0x00000fc8       0x18 stdio_start.o
 .debug_ranges  0x00000fe0       0x10 SPI_io_descriptor.o

.debug_macro    0x00000000    0x24a36
 .debug_macro   0x00000000      0x80f atmel_start.o
 .debug_macro   0x0000080f      0x89e atmel_start.o
 .debug_macro   0x000010ad      0x16d atmel_start.o
 .debug_macro   0x0000121a       0x22 atmel_start.o
 .debug_macro   0x0000123c       0x87 atmel_start.o
 .debug_macro   0x000012c3       0x51 atmel_start.o
 .debug_macro   0x00001314       0xef atmel_start.o
 .debug_macro   0x00001403       0x6a atmel_start.o
 .debug_macro   0x0000146d      0x1df atmel_start.o
 .debug_macro   0x0000164c       0x22 atmel_start.o
 .debug_macro   0x0000166e       0x3f atmel_start.o
 .debug_macro   0x000016ad       0x1c atmel_start.o
 .debug_macro   0x000016c9       0x22 atmel_start.o
 .debug_macro   0x000016eb       0xb5 atmel_start.o
 .debug_macro   0x000017a0      0x4da atmel_start.o
 .debug_macro   0x00001c7a      0x11f atmel_start.o
 .debug_macro   0x00001d99      0x897 atmel_start.o
 .debug_macro   0x00002630      0x8c0 atmel_start.o
 .debug_macro   0x00002ef0     0x2d61 atmel_start.o
 .debug_macro   0x00005c51      0x21e atmel_start.o
 .debug_macro   0x00005e6f      0x282 atmel_start.o
 .debug_macro   0x000060f1      0x130 atmel_start.o
 .debug_macro   0x00006221      0xd32 atmel_start.o
 .debug_macro   0x00006f53      0x61f atmel_start.o
 .debug_macro   0x00007572      0x5be atmel_start.o
 .debug_macro   0x00007b30      0x824 atmel_start.o
 .debug_macro   0x00008354      0x172 atmel_start.o
 .debug_macro   0x000084c6      0x306 atmel_start.o
 .debug_macro   0x000087cc      0x55f atmel_start.o
 .debug_macro   0x00008d2b      0x421 atmel_start.o
 .debug_macro   0x0000914c      0x21c atmel_start.o
 .debug_macro   0x00009368      0x719 atmel_start.o
 .debug_macro   0x00009a81      0x5ab atmel_start.o
 .debug_macro   0x0000a02c      0x335 atmel_start.o
 .debug_macro   0x0000a361      0x68d atmel_start.o
 .debug_macro   0x0000a9ee       0xc4 atmel_start.o
 .debug_macro   0x0000aab2      0x340 atmel_start.o
 .debug_macro   0x0000adf2       0x6a atmel_start.o
 .debug_macro   0x0000ae5c     0x124b atmel_start.o
 .debug_macro   0x0000c0a7      0x5a5 atmel_start.o
 .debug_macro   0x0000c64c      0xfc4 atmel_start.o
 .debug_macro   0x0000d610      0x59e atmel_start.o
 .debug_macro   0x0000dbae      0x8ae atmel_start.o
 .debug_macro   0x0000e45c     0x19be atmel_start.o
 .debug_macro   0x0000fe1a      0x39c atmel_start.o
 .debug_macro   0x000101b6      0x36a atmel_start.o
 .debug_macro   0x00010520       0x94 atmel_start.o
 .debug_macro   0x000105b4       0xac atmel_start.o
 .debug_macro   0x00010660       0xac atmel_start.o
 .debug_macro   0x0001070c      0x149 atmel_start.o
 .debug_macro   0x00010855      0x149 atmel_start.o
 .debug_macro   0x0001099e       0x4c atmel_start.o
 .debug_macro   0x000109ea       0x58 atmel_start.o
 .debug_macro   0x00010a42       0x3a atmel_start.o
 .debug_macro   0x00010a7c       0xd6 atmel_start.o
 .debug_macro   0x00010b52       0xb8 atmel_start.o
 .debug_macro   0x00010c0a       0x64 atmel_start.o
 .debug_macro   0x00010c6e      0x5d7 atmel_start.o
 .debug_macro   0x00011245       0x4c atmel_start.o
 .debug_macro   0x00011291      0x1be atmel_start.o
 .debug_macro   0x0001144f      0x184 atmel_start.o
 .debug_macro   0x000115d3       0x52 atmel_start.o
 .debug_macro   0x00011625       0xa0 atmel_start.o
 .debug_macro   0x000116c5       0xd6 atmel_start.o
 .debug_macro   0x0001179b       0x94 atmel_start.o
 .debug_macro   0x0001182f       0x4c atmel_start.o
 .debug_macro   0x0001187b       0x64 atmel_start.o
 .debug_macro   0x000118df       0x22 atmel_start.o
 .debug_macro   0x00011901      0x16c atmel_start.o
 .debug_macro   0x00011a6d       0x2e atmel_start.o
 .debug_macro   0x00011a9b       0x16 atmel_start.o
 .debug_macro   0x00011ab1       0xd6 atmel_start.o
 .debug_macro   0x00011b87       0xa0 atmel_start.o
 .debug_macro   0x00011c27      0x133 atmel_start.o
 .debug_macro   0x00011d5a      0x133 atmel_start.o
 .debug_macro   0x00011e8d      0x133 atmel_start.o
 .debug_macro   0x00011fc0      0x133 atmel_start.o
 .debug_macro   0x000120f3      0x133 atmel_start.o
 .debug_macro   0x00012226      0x133 atmel_start.o
 .debug_macro   0x00012359       0x4c atmel_start.o
 .debug_macro   0x000123a5       0xfa atmel_start.o
 .debug_macro   0x0001249f       0xfa atmel_start.o
 .debug_macro   0x00012599       0xfa atmel_start.o
 .debug_macro   0x00012693       0xfa atmel_start.o
 .debug_macro   0x0001278d       0xfa atmel_start.o
 .debug_macro   0x00012887      0x124 atmel_start.o
 .debug_macro   0x000129ab       0xfa atmel_start.o
 .debug_macro   0x00012aa5       0xee atmel_start.o
 .debug_macro   0x00012b93       0x76 atmel_start.o
 .debug_macro   0x00012c09       0x3a atmel_start.o
 .debug_macro   0x00012c43      0x46b atmel_start.o
 .debug_macro   0x000130ae     0x2678 atmel_start.o
 .debug_macro   0x00015726       0x82 atmel_start.o
 .debug_macro   0x000157a8       0x10 atmel_start.o
 .debug_macro   0x000157b8       0x10 atmel_start.o
 .debug_macro   0x000157c8       0x16 atmel_start.o
 .debug_macro   0x000157de       0x16 atmel_start.o
 .debug_macro   0x000157f4       0x16 atmel_start.o
 .debug_macro   0x0001580a       0x16 atmel_start.o
 .debug_macro   0x00015820       0x16 atmel_start.o
 .debug_macro   0x00015836       0x16 atmel_start.o
 .debug_macro   0x0001584c       0x16 atmel_start.o
 .debug_macro   0x00015862       0x16 atmel_start.o
 .debug_macro   0x00015878       0x16 atmel_start.o
 .debug_macro   0x0001588e       0x16 atmel_start.o
 .debug_macro   0x000158a4       0x16 atmel_start.o
 .debug_macro   0x000158ba       0x16 atmel_start.o
 .debug_macro   0x000158d0       0x16 atmel_start.o
 .debug_macro   0x000158e6       0x16 atmel_start.o
 .debug_macro   0x000158fc       0x16 atmel_start.o
 .debug_macro   0x00015912       0x16 atmel_start.o
 .debug_macro   0x00015928       0x16 atmel_start.o
 .debug_macro   0x0001593e       0x16 atmel_start.o
 .debug_macro   0x00015954       0x16 atmel_start.o
 .debug_macro   0x0001596a       0x16 atmel_start.o
 .debug_macro   0x00015980       0x16 atmel_start.o
 .debug_macro   0x00015996      0x262 atmel_start.o
 .debug_macro   0x00015bf8       0x16 atmel_start.o
 .debug_macro   0x00015c0e       0x94 atmel_start.o
 .debug_macro   0x00015ca2       0x16 atmel_start.o
 .debug_macro   0x00015cb8       0xbe atmel_start.o
 .debug_macro   0x00015d76      0x28c atmel_start.o
 .debug_macro   0x00016002       0x16 atmel_start.o
 .debug_macro   0x00016018       0x16 atmel_start.o
 .debug_macro   0x0001602e       0xca atmel_start.o
 .debug_macro   0x000160f8       0x1c atmel_start.o
 .debug_macro   0x00016114       0x16 atmel_start.o
 .debug_macro   0x0001612a       0xcf atmel_start.o
 .debug_macro   0x000161f9       0x70 atmel_start.o
 .debug_macro   0x00016269       0xc9 atmel_start.o
 .debug_macro   0x00016332       0x58 atmel_start.o
 .debug_macro   0x0001638a       0x35 atmel_start.o
 .debug_macro   0x000163bf       0x9c atmel_start.o
 .debug_macro   0x0001645b       0x16 atmel_start.o
 .debug_macro   0x00016471       0x35 atmel_start.o
 .debug_macro   0x000164a6      0x34d atmel_start.o
 .debug_macro   0x000167f3       0x10 atmel_start.o
 .debug_macro   0x00016803       0x58 atmel_start.o
 .debug_macro   0x0001685b       0x1f atmel_start.o
 .debug_macro   0x0001687a       0x43 atmel_start.o
 .debug_macro   0x000168bd       0x20 atmel_start.o
 .debug_macro   0x000168dd      0x187 atmel_start.o
 .debug_macro   0x00016a64       0x10 atmel_start.o
 .debug_macro   0x00016a74       0x1c atmel_start.o
 .debug_macro   0x00016a90       0x52 atmel_start.o
 .debug_macro   0x00016ae2       0x40 atmel_start.o
 .debug_macro   0x00016b22       0x10 atmel_start.o
 .debug_macro   0x00016b32       0x40 atmel_start.o
 .debug_macro   0x00016b72       0xd7 atmel_start.o
 .debug_macro   0x00016c49       0x16 atmel_start.o
 .debug_macro   0x00016c5f      0x18b atmel_start.o
 .debug_macro   0x00016dea      0x3ba Device_Startup/startup_samc21.o
 .debug_macro   0x000171a4       0x39 Device_Startup/startup_samc21.o
 .debug_macro   0x000171dd      0x751 DisplayLib/FT8_commands.o
 .debug_macro   0x0001792e       0x9a DisplayLib/FT8_commands.o
 .debug_macro   0x000179c8       0x40 DisplayLib/FT8_commands.o
 .debug_macro   0x00017a08       0x70 DisplayLib/FT8_commands.o
 .debug_macro   0x00017a78      0xc3d DisplayLib/FT8_commands.o
 .debug_macro   0x000186b5      0x77a DisplayLib/FT8_config.o
 .debug_macro   0x00018e2f       0x22 DisplayLib/FT8_config.o
 .debug_macro   0x00018e51      0x6a2 driver_init.o
 .debug_macro   0x000194f3       0x5d driver_init.o
 .debug_macro   0x00019550      0x53a hal/src/hal_atomic.o
 .debug_macro   0x00019a8a      0x580 hal/src/hal_can_async.o
 .debug_macro   0x0001a00a       0x10 hal/src/hal_can_async.o
 .debug_macro   0x0001a01a      0x571 hal/src/hal_delay.o
 .debug_macro   0x0001a58b      0x54f hal/src/hal_io.o
 .debug_macro   0x0001aada      0x597 hal/src/hal_spi_m_sync.o
 .debug_macro   0x0001b071      0x586 hal/src/hal_timer.o
 .debug_macro   0x0001b5f7      0x57a hal/src/hal_usart_sync.o
 .debug_macro   0x0001bb71      0x544 hal/utils/src/utils_assert.o
 .debug_macro   0x0001c0b5      0x549 hal/utils/src/utils_list.o
 .debug_macro   0x0001c5fe      0x1d6 hal/utils/src/utils_syscalls.o
 .debug_macro   0x0001c7d4       0x52 hal/utils/src/utils_syscalls.o
 .debug_macro   0x0001c826       0x8d hal/utils/src/utils_syscalls.o
 .debug_macro   0x0001c8b3       0x57 hal/utils/src/utils_syscalls.o
 .debug_macro   0x0001c90a       0x97 hal/utils/src/utils_syscalls.o
 .debug_macro   0x0001c9a1      0x353 hal/utils/src/utils_syscalls.o
 .debug_macro   0x0001ccf4       0xf6 hal/utils/src/utils_syscalls.o
 .debug_macro   0x0001cdea       0x4c hal/utils/src/utils_syscalls.o
 .debug_macro   0x0001ce36       0x16 hal/utils/src/utils_syscalls.o
 .debug_macro   0x0001ce4c       0x10 hal/utils/src/utils_syscalls.o
 .debug_macro   0x0001ce5c       0x10 hal/utils/src/utils_syscalls.o
 .debug_macro   0x0001ce6c       0x35 hal/utils/src/utils_syscalls.o
 .debug_macro   0x0001cea1      0x122 hal/utils/src/utils_syscalls.o
 .debug_macro   0x0001cfc3      0x649 hpl/can/hpl_can.o
 .debug_macro   0x0001d60c      0x167 hpl/can/hpl_can.o
 .debug_macro   0x0001d773       0x9e hpl/can/hpl_can.o
 .debug_macro   0x0001d811      0x59a hpl/core/hpl_core_m0plus_base.o
 .debug_macro   0x0001ddab      0x5c9 hpl/core/hpl_init.o
 .debug_macro   0x0001e374       0x1c hpl/core/hpl_init.o
 .debug_macro   0x0001e390      0x772 hpl/core/hpl_init.o
 .debug_macro   0x0001eb02      0x562 hpl/divas/hpl_divas.o
 .debug_macro   0x0001f064      0x553 hpl/gclk/hpl_gclk.o
 .debug_macro   0x0001f5b7      0x1f4 hpl/gclk/hpl_gclk.o
 .debug_macro   0x0001f7ab      0x54e hpl/mclk/hpl_mclk.o
 .debug_macro   0x0001fcf9      0x549 hpl/osc32kctrl/hpl_osc32kctrl.o
 .debug_macro   0x00020242       0xb8 hpl/osc32kctrl/hpl_osc32kctrl.o
 .debug_macro   0x000202fa      0x549 hpl/oscctrl/hpl_oscctrl.o
 .debug_macro   0x00020843      0x130 hpl/oscctrl/hpl_oscctrl.o
 .debug_macro   0x00020973      0x578 hpl/rtc/hpl_rtc.o
 .debug_macro   0x00020eeb       0x64 hpl/rtc/hpl_rtc.o
 .debug_macro   0x00020f4f      0x796 hpl/sercom/hpl_sercom.o
 .debug_macro   0x000216e5       0x70 hpl/sercom/hpl_sercom.o
 .debug_macro   0x00021755      0x15b hpl/sercom/hpl_sercom.o
 .debug_macro   0x000218b0       0x10 hpl/sercom/hpl_sercom.o
 .debug_macro   0x000218c0       0x1c hpl/sercom/hpl_sercom.o
 .debug_macro   0x000218dc       0x22 hpl/sercom/hpl_sercom.o
 .debug_macro   0x000218fe       0x10 hpl/sercom/hpl_sercom.o
 .debug_macro   0x0002190e      0x549 hpl/systick/hpl_systick.o
 .debug_macro   0x00021e57       0x10 hpl/systick/hpl_systick.o
 .debug_macro   0x00021e67      0x89f main.o
 .debug_macro   0x00022706       0x16 main.o
 .debug_macro   0x0002271c       0xac main.o
 .debug_macro   0x000227c8      0x6aa stdio_redirect/gcc/read.o
 .debug_macro   0x00022e72      0x6aa stdio_redirect/gcc/write.o
 .debug_macro   0x0002351c      0x6a3 stdio_redirect/stdio_io.o
 .debug_macro   0x00023bbf       0xaf stdio_redirect/stdio_io.o
 .debug_macro   0x00023c6e      0x810 stdio_start.o
 .debug_macro   0x0002447e      0x5b8 SPI_io_descriptor.o

.debug_line     0x00000000    0x1a40f
 .debug_line    0x00000000      0xde6 atmel_start.o
 .debug_line    0x00000de6      0x7c6 Device_Startup/startup_samc21.o
 .debug_line    0x000015ac     0x142f DisplayLib/FT8_commands.o
 .debug_line    0x000029db      0xd86 DisplayLib/FT8_config.o
 .debug_line    0x00003761      0xe7c driver_init.o
 .debug_line    0x000045dd      0xaf2 hal/src/hal_atomic.o
 .debug_line    0x000050cf      0xc61 hal/src/hal_can_async.o
 .debug_line    0x00005d30      0xb1d hal/src/hal_delay.o
 .debug_line    0x0000684d      0xb0a hal/src/hal_io.o
 .debug_line    0x00007357      0xc70 hal/src/hal_spi_m_sync.o
 .debug_line    0x00007fc7      0xc90 hal/src/hal_timer.o
 .debug_line    0x00008c57      0xcd5 hal/src/hal_usart_sync.o
 .debug_line    0x0000992c      0xabc hal/utils/src/utils_assert.o
 .debug_line    0x0000a3e8      0xb55 hal/utils/src/utils_list.o
 .debug_line    0x0000af3d      0x40b hal/utils/src/utils_syscalls.o
 .debug_line    0x0000b348      0xf6b hpl/can/hpl_can.o
 .debug_line    0x0000c2b3      0xc6b hpl/core/hpl_core_m0plus_base.o
 .debug_line    0x0000cf1e      0xba9 hpl/core/hpl_init.o
 .debug_line    0x0000dac7      0xbc4 hpl/divas/hpl_divas.o
 .debug_line    0x0000e68b      0xb56 hpl/gclk/hpl_gclk.o
 .debug_line    0x0000f1e1      0xae4 hpl/mclk/hpl_mclk.o
 .debug_line    0x0000fcc5      0xb06 hpl/osc32kctrl/hpl_osc32kctrl.o
 .debug_line    0x000107cb      0xb73 hpl/oscctrl/hpl_oscctrl.o
 .debug_line    0x0001133e      0xcf1 hpl/rtc/hpl_rtc.o
 .debug_line    0x0001202f     0x2a43 hpl/sercom/hpl_sercom.o
 .debug_line    0x00014a72      0xb47 hpl/systick/hpl_systick.o
 .debug_line    0x000155b9     0x1135 main.o
 .debug_line    0x000166ee      0xbe5 stdio_redirect/gcc/read.o
 .debug_line    0x000172d3      0xbe6 stdio_redirect/gcc/write.o
 .debug_line    0x00017eb9      0xc09 stdio_redirect/stdio_io.o
 .debug_line    0x00018ac2      0xdfb stdio_start.o
 .debug_line    0x000198bd      0xb52 SPI_io_descriptor.o

.debug_str      0x00000000    0x9e737
 .debug_str     0x00000000    0x8da4a atmel_start.o
                              0x8e6ac (size before relaxing)
 .debug_str     0x0008da4a      0x3e2 Device_Startup/startup_samc21.o
                              0x84cf8 (size before relaxing)
 .debug_str     0x0008de2c     0x35e1 DisplayLib/FT8_commands.o
                              0x90e78 (size before relaxing)
 .debug_str     0x0009140d      0x2bf DisplayLib/FT8_config.o
                              0x8ea94 (size before relaxing)
 .debug_str     0x000916cc     0x1e5c driver_init.o
                              0x8ca40 (size before relaxing)
 .debug_str     0x00093528       0x9c hal/src/hal_atomic.o
                              0x89469 (size before relaxing)
 .debug_str     0x000935c4      0x235 hal/src/hal_can_async.o
                              0x89d65 (size before relaxing)
 .debug_str     0x000937f9       0x92 hal/src/hal_delay.o
                              0x894d3 (size before relaxing)
 .debug_str     0x0009388b       0x33 hal/src/hal_io.o
                              0x89516 (size before relaxing)
 .debug_str     0x000938be      0x2ef hal/src/hal_spi_m_sync.o
                              0x89e03 (size before relaxing)
 .debug_str     0x00093bad      0x2cc hal/src/hal_timer.o
                              0x89da8 (size before relaxing)
 .debug_str     0x00093e79      0x4aa hal/src/hal_usart_sync.o
                              0x89fb6 (size before relaxing)
 .debug_str     0x00094323       0x2a hal/utils/src/utils_assert.o
                              0x89479 (size before relaxing)
 .debug_str     0x0009434d       0x31 hal/utils/src/utils_list.o
                              0x89523 (size before relaxing)
 .debug_str     0x0009437e      0x773 hal/utils/src/utils_syscalls.o
                               0x732a (size before relaxing)
 .debug_str     0x00094af1     0x147f hpl/can/hpl_can.o
                              0x8e909 (size before relaxing)
 .debug_str     0x00095f70      0x132 hpl/core/hpl_core_m0plus_base.o
                              0x89fc8 (size before relaxing)
 .debug_str     0x000960a2     0x1aaf hpl/core/hpl_init.o
                              0x8bab1 (size before relaxing)
 .debug_str     0x00097b51      0x27b hpl/divas/hpl_divas.o
                              0x896ea (size before relaxing)
 .debug_str     0x00097dcc      0x825 hpl/gclk/hpl_gclk.o
                              0x89db8 (size before relaxing)
 .debug_str     0x000985f1       0x47 hpl/mclk/hpl_mclk.o
                              0x8991a (size before relaxing)
 .debug_str     0x00098638      0x5da hpl/osc32kctrl/hpl_osc32kctrl.o
                              0x89a41 (size before relaxing)
 .debug_str     0x00098c12      0xa81 hpl/oscctrl/hpl_oscctrl.o
                              0x89f4f (size before relaxing)
 .debug_str     0x00099693      0x367 hpl/rtc/hpl_rtc.o
                              0x8a034 (size before relaxing)
 .debug_str     0x000999fa     0x47ba hpl/sercom/hpl_sercom.o
                              0x8f4b6 (size before relaxing)
 .debug_str     0x0009e1b4       0xcd hpl/systick/hpl_systick.o
                              0x894c1 (size before relaxing)
 .debug_str     0x0009e281      0x3bf main.o
                              0x91fa7 (size before relaxing)
 .debug_str     0x0009e640       0x2b stdio_redirect/gcc/read.o
                              0x8d226 (size before relaxing)
 .debug_str     0x0009e66b       0x2d stdio_redirect/gcc/write.o
                              0x8d228 (size before relaxing)
 .debug_str     0x0009e698       0x4b stdio_redirect/stdio_io.o
                              0x8d2c1 (size before relaxing)
 .debug_str     0x0009e6e3       0x3b stdio_start.o
                              0x8e6dc (size before relaxing)
 .debug_str     0x0009e71e       0x19 SPI_io_descriptor.o
                              0x89a88 (size before relaxing)

.debug_frame    0x00000000     0x310c
 .debug_frame   0x00000000       0x28 atmel_start.o
 .debug_frame   0x00000028       0x38 Device_Startup/startup_samc21.o
 .debug_frame   0x00000060      0x810 DisplayLib/FT8_commands.o
 .debug_frame   0x00000870       0x9c DisplayLib/FT8_config.o
 .debug_frame   0x0000090c      0x11c driver_init.o
 .debug_frame   0x00000a28       0x40 hal/src/hal_atomic.o
 .debug_frame   0x00000a68      0x18c hal/src/hal_can_async.o
 .debug_frame   0x00000bf4       0x68 hal/src/hal_delay.o
 .debug_frame   0x00000c5c       0x58 hal/src/hal_io.o
 .debug_frame   0x00000cb4      0x188 hal/src/hal_spi_m_sync.o
 .debug_frame   0x00000e3c      0x13c hal/src/hal_timer.o
 .debug_frame   0x00000f78      0x1f8 hal/src/hal_usart_sync.o
 .debug_frame   0x00001170       0x20 hal/utils/src/utils_assert.o
 .debug_frame   0x00001190       0x88 hal/utils/src/utils_list.o
 .debug_frame   0x00001218       0xa8 hal/utils/src/utils_syscalls.o
 .debug_frame   0x000012c0      0x12c hpl/can/hpl_can.o
 .debug_frame   0x000013ec       0xd4 hpl/core/hpl_core_m0plus_base.o
 .debug_frame   0x000014c0       0x28 hpl/core/hpl_init.o
 .debug_frame   0x000014e8       0x90 hpl/divas/hpl_divas.o
 .debug_frame   0x00001578       0x30 hpl/gclk/hpl_gclk.o
 .debug_frame   0x000015a8       0x20 hpl/mclk/hpl_mclk.o
 .debug_frame   0x000015c8       0x20 hpl/osc32kctrl/hpl_osc32kctrl.o
 .debug_frame   0x000015e8       0x30 hpl/oscctrl/hpl_oscctrl.o
 .debug_frame   0x00001618       0xf4 hpl/rtc/hpl_rtc.o
 .debug_frame   0x0000170c      0xe9c hpl/sercom/hpl_sercom.o
 .debug_frame   0x000025a8       0x78 hpl/systick/hpl_systick.o
 .debug_frame   0x00002620      0x2f8 main.o
 .debug_frame   0x00002918       0x28 stdio_redirect/gcc/read.o
 .debug_frame   0x00002940       0x28 stdio_redirect/gcc/write.o
 .debug_frame   0x00002968       0x6c stdio_redirect/stdio_io.o
 .debug_frame   0x000029d4       0x40 stdio_start.o
 .debug_frame   0x00002a14       0x28 SPI_io_descriptor.o
 .debug_frame   0x00002a3c       0x3c c:/program files (x86)/atmel/studio/7.0/toolchain/arm/arm-gnu-toolchain/bin/../lib/gcc/arm-none-eabi/6.3.1/thumb/v6-m\libgcc.a(adddf3.o)
 .debug_frame   0x00002a78       0x3c c:/program files (x86)/atmel/studio/7.0/toolchain/arm/arm-gnu-toolchain/bin/../lib/gcc/arm-none-eabi/6.3.1/thumb/v6-m\libgcc.a(muldf3.o)
 .debug_frame   0x00002ab4       0x38 c:/program files (x86)/atmel/studio/7.0/toolchain/arm/arm-gnu-toolchain/bin/../lib/gcc/arm-none-eabi/6.3.1/thumb/v6-m\libgcc.a(subdf3.o)
 .debug_frame   0x00002aec       0x2c c:/program files (x86)/atmel/studio/7.0/toolchain/arm/arm-gnu-toolchain/bin/../lib/gcc/arm-none-eabi/6.3.1/thumb/v6-m\libgcc.a(fixdfsi.o)
 .debug_frame   0x00002b18       0x2c c:/program files (x86)/atmel/studio/7.0/toolchain/arm/arm-gnu-toolchain/bin/../lib/gcc/arm-none-eabi/6.3.1/thumb/v6-m\libgcc.a(floatsidf.o)
 .debug_frame   0x00002b44       0x2c c:/program files (x86)/atmel/studio/7.0/toolchain/arm/arm-gnu-toolchain/bin/../lib/gcc/arm-none-eabi/6.3.1/../../../../arm-none-eabi/lib/thumb/v6-m\libc_nano.a(lib_a-init.o)
 .debug_frame   0x00002b70       0x28 c:/program files (x86)/atmel/studio/7.0/toolchain/arm/arm-gnu-toolchain/bin/../lib/gcc/arm-none-eabi/6.3.1/../../../../arm-none-eabi/lib/thumb/v6-m\libc_nano.a(lib_a-memcpy-stub.o)
 .debug_frame   0x00002b98       0x20 c:/program files (x86)/atmel/studio/7.0/toolchain/arm/arm-gnu-toolchain/bin/../lib/gcc/arm-none-eabi/6.3.1/../../../../arm-none-eabi/lib/thumb/v6-m\libc_nano.a(lib_a-memset.o)
 .debug_frame   0x00002bb8       0x28 c:/program files (x86)/atmel/studio/7.0/toolchain/arm/arm-gnu-toolchain/bin/../lib/gcc/arm-none-eabi/6.3.1/../../../../arm-none-eabi/lib/thumb/v6-m\libc_nano.a(lib_a-setbuf.o)
 .debug_frame   0x00002be0       0x30 c:/program files (x86)/atmel/studio/7.0/toolchain/arm/arm-gnu-toolchain/bin/../lib/gcc/arm-none-eabi/6.3.1/../../../../arm-none-eabi/lib/thumb/v6-m\libc_nano.a(lib_a-setvbuf.o)
 .debug_frame   0x00002c10       0x68 c:/program files (x86)/atmel/studio/7.0/toolchain/arm/arm-gnu-toolchain/bin/../lib/gcc/arm-none-eabi/6.3.1/../../../../arm-none-eabi/lib/thumb/v6-m\libc_nano.a(lib_a-fflush.o)
 .debug_frame   0x00002c78      0x140 c:/program files (x86)/atmel/studio/7.0/toolchain/arm/arm-gnu-toolchain/bin/../lib/gcc/arm-none-eabi/6.3.1/../../../../arm-none-eabi/lib/thumb/v6-m\libc_nano.a(lib_a-findfp.o)
 .debug_frame   0x00002db8       0x58 c:/program files (x86)/atmel/studio/7.0/toolchain/arm/arm-gnu-toolchain/bin/../lib/gcc/arm-none-eabi/6.3.1/../../../../arm-none-eabi/lib/thumb/v6-m\libc_nano.a(lib_a-fwalk.o)
 .debug_frame   0x00002e10       0x54 c:/program files (x86)/atmel/studio/7.0/toolchain/arm/arm-gnu-toolchain/bin/../lib/gcc/arm-none-eabi/6.3.1/../../../../arm-none-eabi/lib/thumb/v6-m\libc_nano.a(lib_a-makebuf.o)
 .debug_frame   0x00002e64       0x40 c:/program files (x86)/atmel/studio/7.0/toolchain/arm/arm-gnu-toolchain/bin/../lib/gcc/arm-none-eabi/6.3.1/../../../../arm-none-eabi/lib/thumb/v6-m\libc_nano.a(lib_a-malloc.o)
 .debug_frame   0x00002ea4       0x2c c:/program files (x86)/atmel/studio/7.0/toolchain/arm/arm-gnu-toolchain/bin/../lib/gcc/arm-none-eabi/6.3.1/../../../../arm-none-eabi/lib/thumb/v6-m\libc_nano.a(lib_a-nano-freer.o)
 .debug_frame   0x00002ed0       0x2c c:/program files (x86)/atmel/studio/7.0/toolchain/arm/arm-gnu-toolchain/bin/../lib/gcc/arm-none-eabi/6.3.1/../../../../arm-none-eabi/lib/thumb/v6-m\libc_nano.a(lib_a-nano-mallocr.o)
 .debug_frame   0x00002efc       0x2c c:/program files (x86)/atmel/studio/7.0/toolchain/arm/arm-gnu-toolchain/bin/../lib/gcc/arm-none-eabi/6.3.1/../../../../arm-none-eabi/lib/thumb/v6-m\libc_nano.a(lib_a-sbrkr.o)
 .debug_frame   0x00002f28       0x90 c:/program files (x86)/atmel/studio/7.0/toolchain/arm/arm-gnu-toolchain/bin/../lib/gcc/arm-none-eabi/6.3.1/../../../../arm-none-eabi/lib/thumb/v6-m\libc_nano.a(lib_a-stdio.o)
 .debug_frame   0x00002fb8       0x2c c:/program files (x86)/atmel/studio/7.0/toolchain/arm/arm-gnu-toolchain/bin/../lib/gcc/arm-none-eabi/6.3.1/../../../../arm-none-eabi/lib/thumb/v6-m\libc_nano.a(lib_a-writer.o)
 .debug_frame   0x00002fe4       0x2c c:/program files (x86)/atmel/studio/7.0/toolchain/arm/arm-gnu-toolchain/bin/../lib/gcc/arm-none-eabi/6.3.1/../../../../arm-none-eabi/lib/thumb/v6-m\libc_nano.a(lib_a-closer.o)
 .debug_frame   0x00003010       0x2c c:/program files (x86)/atmel/studio/7.0/toolchain/arm/arm-gnu-toolchain/bin/../lib/gcc/arm-none-eabi/6.3.1/../../../../arm-none-eabi/lib/thumb/v6-m\libc_nano.a(lib_a-fstatr.o)
 .debug_frame   0x0000303c       0x2c c:/program files (x86)/atmel/studio/7.0/toolchain/arm/arm-gnu-toolchain/bin/../lib/gcc/arm-none-eabi/6.3.1/../../../../arm-none-eabi/lib/thumb/v6-m\libc_nano.a(lib_a-lseekr.o)
 .debug_frame   0x00003068       0x30 c:/program files (x86)/atmel/studio/7.0/toolchain/arm/arm-gnu-toolchain/bin/../lib/gcc/arm-none-eabi/6.3.1/../../../../arm-none-eabi/lib/thumb/v6-m\libc_nano.a(lib_a-mlock.o)
 .debug_frame   0x00003098       0x2c c:/program files (x86)/atmel/studio/7.0/toolchain/arm/arm-gnu-toolchain/bin/../lib/gcc/arm-none-eabi/6.3.1/../../../../arm-none-eabi/lib/thumb/v6-m\libc_nano.a(lib_a-readr.o)
 .debug_frame   0x000030c4       0x48 c:/program files (x86)/atmel/studio/7.0/toolchain/arm/arm-gnu-toolchain/bin/../lib/gcc/arm-none-eabi/6.3.1/../../../../arm-none-eabi/lib/thumb/v6-m\libc_nano.a(lib_a-reent.o)
